Archive member included because of file (symbol)

C:\fehqt\Proteus/EWL/lib/armv7e-m\libc.a(sprintf.o)
                              Libraries\FEHLCD.o (sprintf)
C:\fehqt\Proteus/EWL/lib/armv7e-m\libc.a(vsnprintf.o)
                              C:\fehqt\Proteus/EWL/lib/armv7e-m\libc.a(sprintf.o) (vsnprintf)
C:\fehqt\Proteus/EWL/lib/armv7e-m\libc.a(exit.o)
                              Startup\__arm_start.o (exit)
C:\fehqt\Proteus/EWL/lib/armv7e-m\libc.a(rand.o)
                              ..\main.o (rand)
C:\fehqt\Proteus/EWL/lib/armv7e-m\libc.a(memcpy.o)
                              C:\fehqt\Proteus/EWL/lib/armv7e-m\libc.a(vsnprintf.o) (memcpy)
C:\fehqt\Proteus/EWL/lib/armv7e-m\libc.a(memset.o)
                              ..\main.o (memset)
C:\fehqt\Proteus/EWL/lib/armv7e-m\libc.a(strcmp.o)
                              Libraries\FEHLCD.o (strcmp)
C:\fehqt\Proteus/EWL/lib/armv7e-m\libc.a(strcpy.o)
                              Libraries\FEHLCD.o (strcpy)
C:\fehqt\Proteus/EWL/lib/armv7e-m\libc.a(strlen.o)
                              Libraries\FEHLCD.o (strlen)
C:\fehqt\Proteus/EWL/lib/armv7e-m\libc.a(printformat_.o)
                              (__pformatter_)
C:\fehqt\Proteus/EWL/lib/armv7e-m\libc.a(scanformat_.o)
                              (__sformatter)
C:\fehqt\Proteus/EWL/lib/armv7e-m\libc.a(ctype_aeabi.o)
                              C:\fehqt\Proteus/EWL/lib/armv7e-m\libc.a(scanformat_.o) (isspace)
C:\fehqt\Proteus/EWL/lib/armv7e-m\libc.a(__strtoul.o)
                              C:\fehqt\Proteus/EWL/lib/armv7e-m\libc.a(scanformat_.o) (__strtoul)
C:\fehqt\Proteus/EWL/lib/armv7e-m\libc.a(__filll_mem.o)
                              C:\fehqt\Proteus/EWL/lib/armv7e-m\libc.a(memset.o) (__fill_mem)
C:\fehqt\Proteus/EWL/lib/armv7e-m\libc.a(memchr.o)
                              C:\fehqt\Proteus/EWL/lib/armv7e-m\libc.a(printformat_.o) (memchr)
C:\fehqt\Proteus/EWL/lib/armv7e-m\libc.a(strchr.o)
                              C:\fehqt\Proteus/EWL/lib/armv7e-m\libc.a(printformat_.o) (strchr)
c:/fehqt/proteus/gcc/bin/../lib/gcc/arm-none-eabi/4.6.2/armv7e-m\libgcc.a(_arm_addsubdf3.o)
                              ..\main.o (__aeabi_dsub)
c:/fehqt/proteus/gcc/bin/../lib/gcc/arm-none-eabi/4.6.2/armv7e-m\libgcc.a(_arm_muldivdf3.o)
                              ..\main.o (__aeabi_dmul)
c:/fehqt/proteus/gcc/bin/../lib/gcc/arm-none-eabi/4.6.2/armv7e-m\libgcc.a(_arm_cmpdf2.o)
                              Drivers\ff.o (__aeabi_dcmplt)
c:/fehqt/proteus/gcc/bin/../lib/gcc/arm-none-eabi/4.6.2/armv7e-m\libgcc.a(_arm_fixdfsi.o)
                              ..\main.o (__aeabi_d2iz)
c:/fehqt/proteus/gcc/bin/../lib/gcc/arm-none-eabi/4.6.2/armv7e-m\libgcc.a(_arm_fixunsdfsi.o)
                              ..\main.o (__aeabi_d2uiz)
c:/fehqt/proteus/gcc/bin/../lib/gcc/arm-none-eabi/4.6.2/armv7e-m\libgcc.a(_arm_truncdfsf2.o)
                              Libraries\FEHMotor.o (__aeabi_d2f)
c:/fehqt/proteus/gcc/bin/../lib/gcc/arm-none-eabi/4.6.2/armv7e-m\libgcc.a(_arm_addsubsf3.o)
                              Libraries\FEHLCD.o (__aeabi_fsub)
c:/fehqt/proteus/gcc/bin/../lib/gcc/arm-none-eabi/4.6.2/armv7e-m\libgcc.a(_arm_muldivsf3.o)
                              Drivers\mcg.o (__aeabi_fmul)
c:/fehqt/proteus/gcc/bin/../lib/gcc/arm-none-eabi/4.6.2/armv7e-m\libgcc.a(_arm_cmpsf2.o)
                              Libraries\FEHServo.o (__aeabi_fcmpeq)
c:/fehqt/proteus/gcc/bin/../lib/gcc/arm-none-eabi/4.6.2/armv7e-m\libgcc.a(_arm_fixsfsi.o)
                              Libraries\FEHLCD.o (__aeabi_f2iz)
c:/fehqt/proteus/gcc/bin/../lib/gcc/arm-none-eabi/4.6.2/armv7e-m\libgcc.a(_arm_fixunssfsi.o)
                              Drivers\mcg.o (__aeabi_f2uiz)
C:\fehqt\Proteus/EWL/lib/armv7e-m\librt.a(gcc_ctor_dtor.o)
                              Startup\__arm_start.o (__init_cpp)
C:\fehqt\Proteus/EWL/lib/armv7e-m\librt.a(ROMCopy.o)
                              Startup\__arm_start.o (__copy_rom_sections_to_ram)
C:\fehqt\Proteus/EWL/lib/armv7e-m\librt.a(__arm_eabi_init.o)
                              C:\fehqt\Proteus/EWL/lib/armv7e-m\libc.a(exit.o) (__destroy_global_chain)
C:\fehqt\Proteus/EWL/lib/armv7e-m\librt.a(New.o)
                              Libraries\FEHIO.o (operator new(unsigned int))
c:/fehqt/proteus/gcc/bin/../lib/gcc/arm-none-eabi/4.6.2/../../../../arm-none-eabi/lib/armv7e-m\libsupc++.a(class_type_info.o)
                              C:\fehqt\Proteus/EWL/lib/armv7e-m\librt.a(New.o) (vtable for __cxxabiv1::__class_type_info)
c:/fehqt/proteus/gcc/bin/../lib/gcc/arm-none-eabi/4.6.2/../../../../arm-none-eabi/lib/armv7e-m\libsupc++.a(eh_alloc.o)
                              C:\fehqt\Proteus/EWL/lib/armv7e-m\librt.a(New.o) (__cxa_allocate_exception)
c:/fehqt/proteus/gcc/bin/../lib/gcc/arm-none-eabi/4.6.2/../../../../arm-none-eabi/lib/armv7e-m\libsupc++.a(eh_arm.o)
                              C:\fehqt\Proteus/EWL/lib/armv7e-m\librt.a(New.o) (__cxa_end_cleanup)
[...]
Memory Configuration

Name             Origin             Length             Attributes
m_interrupts     0x0000c000         0x00000400         xr
m_cfmprotrom     0x0000c400         0x00000010         xr
m_text           0x0000c410         0x00073bf0         xr
m_data           0x1fff0400         0x0000fc00         xrw
m_data2          0x20000000         0x00010000         xrw
*default*        0x00000000         0xffffffff

Linker script and memory map

LOAD ..\main.o
LOAD Startup\__arm_start.o
LOAD Startup\__arm_end.o
LOAD Startup\kinetis_sysinit.o
LOAD Libraries\FEHMotor.o
LOAD Drivers\mcg.o
LOAD Drivers\i2c.o
LOAD Drivers\spi.o
LOAD Drivers\uart.o
LOAD Drivers\ff.o
LOAD Drivers\SDHC.o
LOAD Drivers\lptmr.o
LOAD FEHProteus.o
LOAD Drivers\FEHPropeller.o
LOAD Libraries\FEHUtility.o
LOAD Libraries\FEHIO.o
LOAD Drivers\adc16.o
LOAD Libraries\FEHBuzzer.o
LOAD Libraries\FEHServo.o
LOAD Libraries\FEHLCD.o
LOAD Libraries\FEHAccel.o
LOAD Libraries\FEHBattery.o
LOAD Drivers\FEHXBee.o
LOAD Libraries\FEHRPS.o
LOAD Libraries\FEHSD.o
                0x000159cc                __pformatter = __pformatter_
                [0x00015dc4]                __sformatter = __sformatter
LOAD C:\fehqt\Proteus/EWL/lib/armv7e-m\libstdc++.a
LOAD C:\fehqt\Proteus/EWL/lib/armv7e-m\libm.a
START GROUP
LOAD C:\fehqt\Proteus/EWL/lib/armv7e-m\libc.a
LOAD C:\fehqt\Proteus/EWL/lib/armv7e-m\libc++.a
LOAD C:\fehqt\Proteus/EWL/lib/armv7e-m\libm.a
LOAD c:/fehqt/proteus/gcc/bin/../lib/gcc/arm-none-eabi/4.6.2/armv7e-m\libgcc.a
LOAD C:\fehqt\Proteus/EWL/lib/armv7e-m\librt.a
LOAD c:/fehqt/proteus/gcc/bin/../lib/gcc/arm-none-eabi/4.6.2/../../../../arm-none-eabi/lib/armv7e-m\libsupc++.a
END GROUP
                0x20000000                _estack = 0x20000000
                0x20000000                __SP_INIT = _estack
                0x00000800                __heap_size = 0x800
                0x00000800                __stack_size = 0x800

.interrupts     0x0000c000      0x1e0
                0x0000c000                __vector_table = .
                0x0000c000                . = ALIGN (0x4)
 *(.vectortable)
 .vectortable   0x0000c000      0x1e0 Startup\kinetis_sysinit.o
                0x0000c1e0                . = ALIGN (0x4)

.cfmprotect     0x0000c400        0x0
                0x0000c400                . = ALIGN (0x4)
 *(.cfmconfig)
                0x0000c400                . = ALIGN (0x4)

.text           0x0000c410     0xaf9c
                0x0000c410                . = ALIGN (0x4)
 *(.text)
 .text          0x0000c410      0x370 c:/fehqt/proteus/gcc/bin/../lib/gcc/arm-none-eabi/4.6.2/armv7e-m\libgcc.a(_arm_addsubdf3.o)
                0x0000c410                __aeabi_drsub
                0x0000c418                __aeabi_dsub
                0x0000c418                __subdf3
                0x0000c41c                __aeabi_dadd
                0x0000c41c                __adddf3
                0x0000c694                __floatunsidf
                0x0000c694                __aeabi_ui2d
                0x0000c6b4                __floatsidf
                0x0000c6b4                __aeabi_i2d
                0x0000c6d8                __aeabi_f2d
                0x0000c6d8                __extendsfdf2
                0x0000c714                __floatundidf
                0x0000c714                __aeabi_ul2d
                0x0000c724                __floatdidf
                0x0000c724                __aeabi_l2d
 .text          0x0000c780      0x424 c:/fehqt/proteus/gcc/bin/../lib/gcc/arm-none-eabi/4.6.2/armv7e-m\libgcc.a(_arm_muldivdf3.o)
                0x0000c780                __aeabi_dmul
                0x0000c780                __muldf3
                0x0000c9d4                __divdf3
                0x0000c9d4                __aeabi_ddiv
 .text          0x0000cba4      0x110 c:/fehqt/proteus/gcc/bin/../lib/gcc/arm-none-eabi/4.6.2/armv7e-m\libgcc.a(_arm_cmpdf2.o)
                0x0000cba4                __gtdf2
                0x0000cba4                __gedf2
                0x0000cbac                __ltdf2
                0x0000cbac                __ledf2
                0x0000cbb4                __nedf2
                0x0000cbb4                __eqdf2
                0x0000cbb4                __cmpdf2
                0x0000cc30                __aeabi_cdrcmple
                0x0000cc40                __aeabi_cdcmpeq
                0x0000cc40                __aeabi_cdcmple
                0x0000cc50                __aeabi_dcmpeq
                0x0000cc64                __aeabi_dcmplt
                0x0000cc78                __aeabi_dcmple
                0x0000cc8c                __aeabi_dcmpge
                0x0000cca0                __aeabi_dcmpgt
 .text          0x0000ccb4       0x50 c:/fehqt/proteus/gcc/bin/../lib/gcc/arm-none-eabi/4.6.2/armv7e-m\libgcc.a(_arm_fixdfsi.o)
                0x0000ccb4                __aeabi_d2iz
                0x0000ccb4                __fixdfsi
 .text          0x0000cd04       0x40 c:/fehqt/proteus/gcc/bin/../lib/gcc/arm-none-eabi/4.6.2/armv7e-m\libgcc.a(_arm_fixunsdfsi.o)
                0x0000cd04                __aeabi_d2uiz
                0x0000cd04                __fixunsdfsi
 .text          0x0000cd44       0xa0 c:/fehqt/proteus/gcc/bin/../lib/gcc/arm-none-eabi/4.6.2/armv7e-m\libgcc.a(_arm_truncdfsf2.o)
                0x0000cd44                __truncdfsf2
                0x0000cd44                __aeabi_d2f
 .text          0x0000cde4      0x21c c:/fehqt/proteus/gcc/bin/../lib/gcc/arm-none-eabi/4.6.2/armv7e-m\libgcc.a(_arm_addsubsf3.o)
                0x0000cde4                __aeabi_frsub
                0x0000cdec                __subsf3
                0x0000cdec                __aeabi_fsub
                0x0000cdf0                __aeabi_fadd
                0x0000cdf0                __addsf3
                0x0000cf50                __aeabi_ui2f
                0x0000cf50                __floatunsisf
                0x0000cf58                __aeabi_i2f
                0x0000cf58                __floatsisf
                0x0000cf74                __aeabi_ul2f
                0x0000cf74                __floatundisf
                0x0000cf84                __aeabi_l2f
                0x0000cf84                __floatdisf
 .text          0x0000d000      0x2a0 c:/fehqt/proteus/gcc/bin/../lib/gcc/arm-none-eabi/4.6.2/armv7e-m\libgcc.a(_arm_muldivsf3.o)
                0x0000d000                __mulsf3
                0x0000d000                __aeabi_fmul
                0x0000d168                __aeabi_fdiv
                0x0000d168                __divsf3
 .text          0x0000d2a0       0xec c:/fehqt/proteus/gcc/bin/../lib/gcc/arm-none-eabi/4.6.2/armv7e-m\libgcc.a(_arm_cmpsf2.o)
                0x0000d2a0                __gesf2
                0x0000d2a0                __gtsf2
                0x0000d2a8                __lesf2
                0x0000d2a8                __ltsf2
                0x0000d2b0                __nesf2
                0x0000d2b0                __eqsf2
                0x0000d2b0                __cmpsf2
                0x0000d310                __aeabi_cfrcmple
                0x0000d318                __aeabi_cfcmpeq
                0x0000d318                __aeabi_cfcmple
                0x0000d328                __aeabi_fcmpeq
                0x0000d33c                __aeabi_fcmplt
                0x0000d350                __aeabi_fcmple
                0x0000d364                __aeabi_fcmpge
                0x0000d378                __aeabi_fcmpgt
 .text          0x0000d38c       0x4c c:/fehqt/proteus/gcc/bin/../lib/gcc/arm-none-eabi/4.6.2/armv7e-m\libgcc.a(_arm_fixsfsi.o)
                0x0000d38c                __aeabi_f2iz
                0x0000d38c                __fixsfsi
 *(.text*)
 .text._ZN4KartC2Ei
                0x0000d3d8       0x38 ..\main.o
                0x0000d3d8                Kart::Kart(int)
                0x0000d3d8                Kart::Kart(int)
 .text._ZN4Kart13increaseSpeedEv
                0x0000d410       0x28 ..\main.o
                0x0000d410                Kart::increaseSpeed()
 .text._ZN4Kart10resetSpeedEv
                0x0000d438       0x1c ..\main.o
                0x0000d438                Kart::resetSpeed()
 .text._ZN4Kart9getXCoordEv
                0x0000d454       0x18 ..\main.o
                0x0000d454                Kart::getXCoord()
 .text._ZN4Kart9getYCoordEv
                0x0000d46c       0x18 ..\main.o
                0x0000d46c                Kart::getYCoord()
 .text._ZN4Kart8getSpeedEv
                0x0000d484       0x18 ..\main.o
                0x0000d484                Kart::getSpeed()
 .text._ZN4Kart16adjustYCoordDownEv
                0x0000d49c       0x28 ..\main.o
                0x0000d49c                Kart::adjustYCoordDown()
 .text._ZN4Kart14adjustYCoordUpEv
                0x0000d4c4       0x28 ..\main.o
                0x0000d4c4                Kart::adjustYCoordUp()
 .text._ZN4Kart8getColorEv
                0x0000d4ec       0x18 ..\main.o
                0x0000d4ec                Kart::getColor()
 .text._Z12createGoBackv
                0x0000d504       0x64 ..\main.o
                0x0000d504                createGoBack()
 .text._Z11displayMenuv
                0x0000d568      0x72c ..\main.o
                0x0000d568                displayMenu()
 .text._Z19displaySplashScreenv
                0x0000dc94      0x194 ..\main.o
                0x0000dc94                displaySplashScreen()
 .text._Z16displayCountdownv
                0x0000de28      0x4a0 ..\main.o
                0x0000de28                displayCountdown()
 .text._Z8playGamev
                0x0000e2c8      0xd50 ..\main.o
                0x0000e2c8                playGame()
 .text.main     0x0000f018       0x14 ..\main.o
                0x0000f018                main
 .text.zero_fill_bss
                0x0000f02c       0x34 Startup\__arm_start.o
 .text.__thumb_startup
                0x0000f060       0x34 Startup\__arm_start.o
                0x0000f060                __thumb_startup
 .text.InitFEHProteus
                0x0000f094      0x15c Startup\__arm_start.o
                0x0000f094                InitFEHProteus
 .text.pll_init_bl
                0x0000f1f0      0x130 Startup\__arm_start.o
 .text.InitPowerButton
                0x0000f320       0x90 Startup\__arm_start.o
                0x0000f320                InitPowerButton
 .text._ExitProcess
                0x0000f3b0        0xc Startup\__arm_end.o
                0x0000f3b0                _ExitProcess
 .text.Default_Handler
                0x0000f3bc        0xc Startup\kinetis_sysinit.o
                0x0000f3bc                BusFault_Handler()
                0x0000f3bc                HardFault_Handler()
                0x0000f3bc                SysTick_Handler()
                0x0000f3bc                PendSV_Handler()
                0x0000f3bc                DebugMonitor_Handler()
                0x0000f3bc                MemManage_Handler()
                0x0000f3bc                NMI_Handler()
                0x0000f3bc                SVC_Handler()
                0x0000f3bc                Default_Handler
                0x0000f3bc                UsageFault_Handler()
 .text.__init_hardware
                0x0000f3c8       0x44 Startup\kinetis_sysinit.o
                0x0000f3c8                __init_hardware
 .text._Z8PortDISRv
                0x0000f40c       0x64 Startup\kinetis_sysinit.o
                0x0000f40c                PortDISR()
 .text._Z21IIC_StartTransmissionhh
                0x0000f470       0x98 Drivers\i2c.o
                0x0000f470                IIC_StartTransmission(unsigned char, unsigned char)
 .text._Z5Pausev
                0x0000f508       0x34 Drivers\i2c.o
                0x0000f508                Pause()
 .text._Z21MMA8451QWriteRegisterhh
                0x0000f53c      0x12c Drivers\i2c.o
                0x0000f53c                MMA8451QWriteRegister(unsigned char, unsigned char)
 .text._Z12SPI_SendCharh
                0x0000f668       0x1c Drivers\spi.o
                0x0000f668                SPI_SendChar(unsigned char)
 .text._Z16SPI_WriteCommandhh
                0x0000f684       0x34 Drivers\spi.o
                0x0000f684                SPI_WriteCommand(unsigned char, unsigned char)
 .text._Z11SPI_GetCharv
                0x0000f6b8       0x14 Drivers\spi.o
                0x0000f6b8                SPI_GetChar()
 .text._Z15SPI_ReadCommandh
                0x0000f6cc       0x3c Drivers\spi.o
                0x0000f6cc                SPI_ReadCommand(unsigned char)
 .text._Z13SPI_CS_Assertv
                0x0000f708       0x24 Drivers\spi.o
                0x0000f708                SPI_CS_Assert()
 .text._Z15SPI_CS_Deassertv
                0x0000f72c       0x24 Drivers\spi.o
                0x0000f72c                SPI_CS_Deassert()
 .text._Z12SPI_Transferh
                0x0000f750       0x88 Drivers\spi.o
                0x0000f750                SPI_Transfer(unsigned char)
 .text._Z8SPI_Initv
                0x0000f7d8       0xe8 Drivers\spi.o
                0x0000f7d8                SPI_Init()
 .text._Z9uart_initPV11UART_MemMapii
                0x0000f8c0      0x20c Drivers\uart.o
                0x0000f8c0                uart_init(UART_MemMap volatile*, int, int)
 .text._Z12uart_getcharPV11UART_MemMap
                0x0000facc       0x34 Drivers\uart.o
                0x0000facc                uart_getchar(UART_MemMap volatile*)
 .text._Z12uart_putcharPV11UART_MemMapc
                0x0000fb00       0x38 Drivers\uart.o
                0x0000fb00                uart_putchar(UART_MemMap volatile*, char)
 .text._ZL7mem_setPvij
                0x0000fb38       0x44 Drivers\ff.o
 .text._ZL11move_windowP5FATFSm
                0x0000fb7c       0xf0 Drivers\ff.o
 .text._ZL4syncP5FATFS
                0x0000fc6c      0x188 Drivers\ff.o
 .text._ZL8validateP5FATFSt
                0x0000fdf4       0x54 Drivers\ff.o
 .text._Z6f_syncP3FIL
                0x0000fe48      0x1c0 Drivers\ff.o
                0x0000fe48                f_sync(FIL*)
 .text._Z7f_closeP3FIL
                0x00010008       0x2c Drivers\ff.o
                0x00010008                f_close(FIL*)
 .text._ZL17SDHC_set_baudratemm
                0x00010034      0x14c Drivers\SDHC.o
 .text._Z9SDHC_initP17esdhc_info_structPK17esdhc_init_struct
                0x00010180      0x1c4 Drivers\SDHC.o
                0x00010180                SDHC_init(esdhc_info_struct*, esdhc_init_struct const*)
 .text._ZL15SDHC_is_runningv
                0x00010344       0x28 Drivers\SDHC.o
 .text._ZL16SDHC_status_waitm
                0x0001036c       0x38 Drivers\SDHC.o
 .text._ZL17SDHC_send_commandP20esdhc_command_struct
                0x000103a4      0x2a0 Drivers\SDHC.o
 .text._Z10SDHC_ioctlmPv
                0x00010644      0x978 Drivers\SDHC.o
                0x00010644                SDHC_ioctl(unsigned long, void*)
 .text._ZL14rcvr_datablockPhm
                0x00010fbc      0x134 Drivers\SDHC.o
 .text._Z9disk_readhPhmh
                0x000110f0      0x13c Drivers\SDHC.o
                0x000110f0                disk_read(unsigned char, unsigned char*, unsigned long, unsigned char)
 .text._ZL14xmit_datablockPKhm
                0x0001122c       0xe0 Drivers\SDHC.o
 .text._Z10disk_writehPKhmh
                0x0001130c      0x1cc Drivers\SDHC.o
                0x0001130c                disk_write(unsigned char, unsigned char const*, unsigned long, unsigned char)
 .text._Z10disk_ioctlhhPv
                0x000114d8      0x128 Drivers\SDHC.o
                0x000114d8                disk_ioctl(unsigned char, unsigned char, void*)
 .text._Z11disk_statush
                0x00011600       0x30 Drivers\SDHC.o
                0x00011600                disk_status(unsigned char)
 .text._Z13time_delay_msm
                0x00011630       0xa4 Drivers\lptmr.o
                0x00011630                time_delay_ms(unsigned long)
 .text._Z41__static_initialization_and_destruction_0ii
                0x000116d4       0x30 FEHProteus.o
 .text._GLOBAL__sub_I_Propeller
                0x00011704       0x14 FEHProteus.o
 .text._ZN12FEHPropellerC2Ev
                0x00011718       0x20 Drivers\FEHPropeller.o
                0x00011718                FEHPropeller::FEHPropeller()
                0x00011718                FEHPropeller::FEHPropeller()
 .text._ZN12FEHPropeller10InitializeEv
                0x00011738       0x94 Drivers\FEHPropeller.o
                0x00011738                FEHPropeller::Initialize()
 .text._ZL5Delaymjj
                0x000117cc       0xc4 Libraries\FEHUtility.o
 .text._Z5Sleepi
                0x00011890       0x34 Libraries\FEHUtility.o
                0x00011890                Sleep(int)
 *fill*         0x000118c4        0x4 00
 .text._Z5Sleepd
                0x000118c8       0x58 Libraries\FEHUtility.o
                0x000118c8                Sleep(double)
 .text._Z7TimeNowv
                0x00011920       0x70 Libraries\FEHUtility.o
                0x00011920                TimeNow()
 .text._Z9portB_isrv
                0x00011990       0xd4 Libraries\FEHIO.o
                0x00011990                portB_isr()
 .text._Z9portC_isrv
                0x00011a64       0xd8 Libraries\FEHIO.o
                0x00011a64                portC_isr()
 .text._Z9portA_isrv
                0x00011b3c       0xd8 Libraries\FEHIO.o
                0x00011b3c                portA_isr()
 .text._Z9portE_isrv
                0x00011c14       0xd0 Libraries\FEHIO.o
                0x00011c14                portE_isr()
 .text._ZN14AnalogInputPinC2EN5FEHIO8FEHIOPinE
                0x00011ce4       0x20 Libraries\FEHIO.o
                0x00011ce4                AnalogInputPin::AnalogInputPin(FEHIO::FEHIOPin)
                0x00011ce4                AnalogInputPin::AnalogInputPin(FEHIO::FEHIOPin)
 .text._ZN13AnalogEncoder12EncoderValueEv
                0x00011d04       0xe4 Libraries\FEHIO.o
                0x00011d04                AnalogEncoder::EncoderValue()
 .text._ZN14AnalogInputPin8InitADCsEv
                0x00011de8      0x120 Libraries\FEHIO.o
                0x00011de8                AnalogInputPin::InitADCs()
 .text._Z8pit0_isrv
                0x00011f08       0x34 Libraries\FEHIO.o
                0x00011f08                pit0_isr()
 .text._ZN13AnalogEncoder4InitEv
                0x00011f3c       0x64 Libraries\FEHIO.o
                0x00011f3c                AnalogEncoder::Init()
 .text._ZN13AnalogEncoder14SetCounterInitEj
                0x00011fa0       0x20 Libraries\FEHIO.o
                0x00011fa0                AnalogEncoder::SetCounterInit(unsigned int)
 .text._ZN13AnalogEncoder10ProcessIntEv
                0x00011fc0       0x80 Libraries\FEHIO.o
                0x00011fc0                AnalogEncoder::ProcessInt()
 .text._ZN13AnalogEncoder14ProcessIntSelfEv
                0x00012040       0x80 Libraries\FEHIO.o
                0x00012040                AnalogEncoder::ProcessIntSelf()
 .text._Z7ADC_CalPV10ADC_MemMap
                0x000120c0      0x14c Drivers\adc16.o
                0x000120c0                ADC_Cal(ADC_MemMap volatile*)
 .text._Z14ADC_Config_AltPV10ADC_MemMapP7adc_cfg
                0x0001220c       0x6c Drivers\adc16.o
                0x0001220c                ADC_Config_Alt(ADC_MemMap volatile*, adc_cfg*)
 .text._ZN9FEHBuzzer4ToneEii
                0x00012278       0xa8 Libraries\FEHBuzzer.o
                0x00012278                FEHBuzzer::Tone(int, int)
 .text._ZN9FEHBuzzer4ToneENS_7stdnoteEi
                0x00012320       0x24 Libraries\FEHBuzzer.o
                0x00012320                FEHBuzzer::Tone(FEHBuzzer::stdnote, int)
 .text._ZN9FEHBuzzerC2Ev
                0x00012344       0x18 Libraries\FEHBuzzer.o
                0x00012344                FEHBuzzer::FEHBuzzer()
                0x00012344                FEHBuzzer::FEHBuzzer()
 .text._Z41__static_initialization_and_destruction_0ii
                0x0001235c       0x30 Libraries\FEHBuzzer.o
 .text._GLOBAL__sub_I_Buzzer
                0x0001238c       0x14 Libraries\FEHBuzzer.o
 .text._ZN6FEHLCD11_InitializeEv
                0x000123a0      0x5dc Libraries\FEHLCD.o
                0x000123a0                FEHLCD::_Initialize()
 .text._ZN6FEHLCDC2Ev
                0x0001297c       0x64 Libraries\FEHLCD.o
                0x0001297c                FEHLCD::FEHLCD()
                0x0001297c                FEHLCD::FEHLCD()
 .text._ZN6FEHLCD10InitializeEv
                0x000129e0       0x38 Libraries\FEHLCD.o
                0x000129e0                FEHLCD::Initialize()
 .text._ZN6FEHLCD10PrintImageEii
                0x00012a18      0x100 Libraries\FEHLCD.o
                0x00012a18                FEHLCD::PrintImage(int, int)
 .text._ZN6FEHLCD9PrintLogoEii
                0x00012b18      0x100 Libraries\FEHLCD.o
                0x00012b18                FEHLCD::PrintLogo(int, int)
 .text._ZN6FEHLCD22ConvertFEHColorTo24BitENS_11FEHLCDColorE
                0x00012c18       0x80 Libraries\FEHLCD.o
                0x00012c18                FEHLCD::ConvertFEHColorTo24Bit(FEHLCD::FEHLCDColor)
 .text._ZN6FEHLCD24Convert24BitColorTo16BitEj
                0x00012c98       0x40 Libraries\FEHLCD.o
                0x00012c98                FEHLCD::Convert24BitColorTo16Bit(unsigned int)
 .text._ZN6FEHLCD22ConvertRGBColorTo16BitEhhh
                0x00012cd8       0x44 Libraries\FEHLCD.o
                0x00012cd8                FEHLCD::ConvertRGBColorTo16Bit(unsigned char, unsigned char, unsigned char)
 .text._ZN6FEHLCD5ClearENS_11FEHLCDColorE
                0x00012d1c       0x28 Libraries\FEHLCD.o
                0x00012d1c                FEHLCD::Clear(FEHLCD::FEHLCDColor)
 .text._ZN6FEHLCD5ClearEj
                0x00012d44       0x2c Libraries\FEHLCD.o
                0x00012d44                FEHLCD::Clear(unsigned int)
 .text._ZN6FEHLCD5ClearEv
                0x00012d70       0x18 Libraries\FEHLCD.o
                0x00012d70                FEHLCD::Clear()
 .text._ZN6FEHLCD18SetBackgroundColorENS_11FEHLCDColorE
                0x00012d88       0x28 Libraries\FEHLCD.o
                0x00012d88                FEHLCD::SetBackgroundColor(FEHLCD::FEHLCDColor)
 .text._ZN6FEHLCD18SetBackgroundColorEj
                0x00012db0       0x28 Libraries\FEHLCD.o
                0x00012db0                FEHLCD::SetBackgroundColor(unsigned int)
 .text._ZN6FEHLCD12SetFontColorENS_11FEHLCDColorE
                0x00012dd8       0x28 Libraries\FEHLCD.o
                0x00012dd8                FEHLCD::SetFontColor(FEHLCD::FEHLCDColor)
 .text._ZN6FEHLCD12SetFontColorEj
                0x00012e00       0x28 Libraries\FEHLCD.o
                0x00012e00                FEHLCD::SetFontColor(unsigned int)
 .text._ZN6FEHLCD7WriteAtEPKcii
                0x00012e28       0x58 Libraries\FEHLCD.o
                0x00012e28                FEHLCD::WriteAt(char const*, int, int)
 .text._ZN6FEHLCD7WriteAtEiii
                0x00012e80       0x3c Libraries\FEHLCD.o
                0x00012e80                FEHLCD::WriteAt(int, int, int)
 .text._ZN6FEHLCD11TS_SPI_InitEv
                0x00012ebc       0xa8 Libraries\FEHLCD.o
                0x00012ebc                FEHLCD::TS_SPI_Init()
 *fill*         0x00012f64        0x4 00
 .text._ZN6FEHLCD5TouchEPfS0_
                0x00012f68      0x240 Libraries\FEHLCD.o
                0x00012f68                FEHLCD::Touch(float*, float*)
 .text._ZN6FEHLCD3absEi
                0x000131a8       0x28 Libraries\FEHLCD.o
                0x000131a8                FEHLCD::abs(int)
 .text._ZN6FEHLCD5WriteEPKc
                0x000131d0       0x5c Libraries\FEHLCD.o
                0x000131d0                FEHLCD::Write(char const*)
 .text._ZN6FEHLCD5WriteEi
                0x0001322c       0x34 Libraries\FEHLCD.o
                0x0001322c                FEHLCD::Write(int)
 .text._ZN6FEHLCD9WriteLineEPKc
                0x00013260       0x28 Libraries\FEHLCD.o
                0x00013260                FEHLCD::WriteLine(char const*)
 .text._ZN6FEHLCD9WriteLineEi
                0x00013288       0x28 Libraries\FEHLCD.o
                0x00013288                FEHLCD::WriteLine(int)
 .text._ZN6FEHLCD10WriteIndexEh
                0x000132b0      0x288 Libraries\FEHLCD.o
                0x000132b0                FEHLCD::WriteIndex(unsigned char)
 .text._ZN6FEHLCD14WriteParameterEh
                0x00013538      0x254 Libraries\FEHLCD.o
                0x00013538                FEHLCD::WriteParameter(unsigned char)
 .text._ZN6FEHLCD6_ClearEv
                0x0001378c      0x228 Libraries\FEHLCD.o
                0x0001378c                FEHLCD::_Clear()
 .text._ZN6FEHLCD8NextLineEv
                0x000139b4       0x30 Libraries\FEHLCD.o
                0x000139b4                FEHLCD::NextLine()
 .text._ZN6FEHLCD9CheckLineEv
                0x000139e4       0x2c Libraries\FEHLCD.o
                0x000139e4                FEHLCD::CheckLine()
 .text._ZN6FEHLCD8NextCharEv
                0x00013a10       0x34 Libraries\FEHLCD.o
                0x00013a10                FEHLCD::NextChar()
 .text._ZN6FEHLCD9DrawPixelEii
                0x00013a44       0x30 Libraries\FEHLCD.o
                0x00013a44                FEHLCD::DrawPixel(int, int)
 .text._Z4SwapRiS_
                0x00013a74       0x28 Libraries\FEHLCD.o
                0x00013a74                Swap(int&, int&)
 .text._ZN6FEHLCD18DrawHorizontalLineEiii
                0x00013a9c       0x7c Libraries\FEHLCD.o
                0x00013a9c                FEHLCD::DrawHorizontalLine(int, int, int)
 .text._ZN6FEHLCD16DrawVerticalLineEiii
                0x00013b18       0x7c Libraries\FEHLCD.o
                0x00013b18                FEHLCD::DrawVerticalLine(int, int, int)
 .text._ZN6FEHLCD13DrawRectangleEiiii
                0x00013b94       0x80 Libraries\FEHLCD.o
                0x00013b94                FEHLCD::DrawRectangle(int, int, int, int)
 .text._ZN6FEHLCD13SetDrawRegionEiiii
                0x00013c14      0x10c Libraries\FEHLCD.o
                0x00013c14                FEHLCD::SetDrawRegion(int, int, int, int)
 .text._ZN6FEHLCD13FillRectangleEiiii
                0x00013d20       0x5c Libraries\FEHLCD.o
                0x00013d20                FEHLCD::FillRectangle(int, int, int, int)
 .text._ZN6FEHLCD8DrawLineEiiii
                0x00013d7c      0x17c Libraries\FEHLCD.o
                0x00013d7c                FEHLCD::DrawLine(int, int, int, int)
 .text._ZN6FEHLCD10FillCircleEiii
                0x00013ef8      0x110 Libraries\FEHLCD.o
                0x00013ef8                FEHLCD::FillCircle(int, int, int)
 .text._ZN6FEHLCD9WriteCharEiic
                0x00014008       0x40 Libraries\FEHLCD.o
                0x00014008                FEHLCD::WriteChar(int, int, char)
 .text._ZN6FEHLCD11WriteCharAtEiic
                0x00014048      0x278 Libraries\FEHLCD.o
                0x00014048                FEHLCD::WriteCharAt(int, int, char)
 .text._ZN6FEHLCD11RepeatColorEv
                0x000142c0       0xbc Libraries\FEHLCD.o
                0x000142c0                FEHLCD::RepeatColor()
 .text._ZN6FEHLCD10_ForePixelEv
                0x0001437c      0x160 Libraries\FEHLCD.o
                0x0001437c                FEHLCD::_ForePixel()
 .text._ZN6FEHLCD10_BackPixelEv
                0x000144dc      0x160 Libraries\FEHLCD.o
                0x000144dc                FEHLCD::_BackPixel()
 .text._ZN6FEHLCD22SetRegisterColorValuesEv
                0x0001463c      0x4c0 Libraries\FEHLCD.o
                0x0001463c                FEHLCD::SetRegisterColorValues()
 .text._ZN7FEHIcon4IconC2Ev
                0x00014afc       0x18 Libraries\FEHLCD.o
                0x00014afc                FEHIcon::Icon::Icon()
                0x00014afc                FEHIcon::Icon::Icon()
 .text._ZN7FEHIcon4Icon13SetPropertiesEPciiiijj
                0x00014b14       0x70 Libraries\FEHLCD.o
                0x00014b14                FEHIcon::Icon::SetProperties(char*, int, int, int, int, unsigned int, unsigned int)
 .text._ZN7FEHIcon4Icon4DrawEv
                0x00014b84       0xb0 Libraries\FEHLCD.o
                0x00014b84                FEHIcon::Icon::Draw()
 .text._ZN7FEHIcon4Icon6SelectEv
                0x00014c34       0xb8 Libraries\FEHLCD.o
                0x00014c34                FEHIcon::Icon::Select()
 .text._ZN7FEHIcon4Icon8DeselectEv
                0x00014cec       0xb4 Libraries\FEHLCD.o
                0x00014cec                FEHIcon::Icon::Deselect()
 .text._ZN7FEHIcon4Icon7PressedEffi
                0x00014da0      0x1dc Libraries\FEHLCD.o
                0x00014da0                FEHIcon::Icon::Pressed(float, float, int)
 .text._ZN7FEHIcon13DrawIconArrayEPNS_4IconEiiiiiiPA20_cjj
                0x00014f7c      0x194 Libraries\FEHLCD.o
                0x00014f7c                FEHIcon::DrawIconArray(FEHIcon::Icon*, int, int, int, int, int, int, char (*) [20], unsigned int, unsigned int)
 .text._Z41__static_initialization_and_destruction_0ii
                0x00015110       0x30 Libraries\FEHLCD.o
 .text._GLOBAL__sub_I_image
                0x00015140       0x14 Libraries\FEHLCD.o
 .text._ZN8FEHAccelC2Ev
                0x00015154       0x8c Libraries\FEHAccel.o
                0x00015154                FEHAccel::FEHAccel()
                0x00015154                FEHAccel::FEHAccel()
 .text._Z41__static_initialization_and_destruction_0ii
                0x000151e0       0x30 Libraries\FEHAccel.o
 .text._GLOBAL__sub_I_Accel
                0x00015210       0x14 Libraries\FEHAccel.o
 .text._ZN10FEHBatteryC2EN5FEHIO8FEHIOPinE
                0x00015224       0x24 Libraries\FEHBattery.o
                0x00015224                FEHBattery::FEHBattery(FEHIO::FEHIOPin)
                0x00015224                FEHBattery::FEHBattery(FEHIO::FEHIOPin)
 .text._Z41__static_initialization_and_destruction_0ii
                0x00015248       0x34 Libraries\FEHBattery.o
 .text._GLOBAL__sub_I_Battery
                0x0001527c       0x14 Libraries\FEHBattery.o
 .text._ZN7FEHXBeeC2Ev
                0x00015290       0x20 Drivers\FEHXBee.o
                0x00015290                FEHXBee::FEHXBee()
                0x00015290                FEHXBee::FEHXBee()
 .text._ZN7FEHXBee17SetPacketCallBackEPFvPhhE
                0x000152b0       0x20 Drivers\FEHXBee.o
                0x000152b0                FEHXBee::SetPacketCallBack(void (*)(unsigned char*, unsigned char))
 .text._Z9UART0_ISRv
                0x000152d0      0x174 Drivers\FEHXBee.o
                0x000152d0                UART0_ISR()
 .text._ZN6FEHRPSC2Ev
                0x00015444       0x88 Libraries\FEHRPS.o
                0x00015444                FEHRPS::FEHRPS()
                0x00015444                FEHRPS::FEHRPS()
 .text._Z14RPSDataProcessPhh
                0x000154cc      0x164 Libraries\FEHRPS.o
                0x000154cc                RPSDataProcess(unsigned char*, unsigned char)
 .text._Z41__static_initialization_and_destruction_0ii
                0x00015630       0x30 Libraries\FEHRPS.o
 .text._GLOBAL__sub_I_RPS
                0x00015660       0x14 Libraries\FEHRPS.o
 .text._ZN5FEHSDC2Ev
                0x00015674       0x24 Libraries\FEHSD.o
                0x00015674                FEHSD::FEHSD()
                0x00015674                FEHSD::FEHSD()
 .text._ZN5FEHSD8CloseLogEv
                0x00015698       0x38 Libraries\FEHSD.o
                0x00015698                FEHSD::CloseLog()
 .text._Z41__static_initialization_and_destruction_0ii
                0x000156d0       0x30 Libraries\FEHSD.o
 .text._GLOBAL__sub_I_SD
                0x00015700       0x14 Libraries\FEHSD.o
 .text.sprintf  0x00015714       0x1c C:\fehqt\Proteus/EWL/lib/armv7e-m\libc.a(sprintf.o)
                0x00015714                sprintf
 .text.__StringWrite
                0x00015730       0x28 C:\fehqt\Proteus/EWL/lib/armv7e-m\libc.a(vsnprintf.o)
                0x00015730                __StringWrite
 .text.vsnprintf
                0x00015758       0x34 C:\fehqt\Proteus/EWL/lib/armv7e-m\libc.a(vsnprintf.o)
                0x00015758                vsnprintf
 .text.exit     0x0001578c       0x38 C:\fehqt\Proteus/EWL/lib/armv7e-m\libc.a(exit.o)
                0x0001578c                exit
 .text.rand     0x000157c4       0x20 C:\fehqt\Proteus/EWL/lib/armv7e-m\libc.a(rand.o)
                0x000157c4                rand
 .text.srand    0x000157e4        0xc C:\fehqt\Proteus/EWL/lib/armv7e-m\libc.a(rand.o)
                0x000157e4                srand
 .text.memcpy   0x000157f0       0x12 C:\fehqt\Proteus/EWL/lib/armv7e-m\libc.a(memcpy.o)
                0x000157f0                memcpy
 .text.memset   0x00015802        0xc C:\fehqt\Proteus/EWL/lib/armv7e-m\libc.a(memset.o)
                0x00015802                memset
 .text.strcpy   0x0001580e       0x18 C:\fehqt\Proteus/EWL/lib/armv7e-m\libc.a(strcpy.o)
                0x0001580e                strcpy
 .text.strlen   0x00015826       0x10 C:\fehqt\Proteus/EWL/lib/armv7e-m\libc.a(strlen.o)
                0x00015826                strlen
 .text.long2str.isra.0
                0x00015836      0x196 C:\fehqt\Proteus/EWL/lib/armv7e-m\libc.a(printformat_.o)
 .text.__pformatter_
                0x000159cc      0x3f8 C:\fehqt\Proteus/EWL/lib/armv7e-m\libc.a(printformat_.o)
                0x000159cc                __pformatter_
 .text.__sformatter
                0x00015dc4      0x74e C:\fehqt\Proteus/EWL/lib/armv7e-m\libc.a(scanformat_.o)
                0x00015dc4                __sformatter
 *fill*         0x00016512        0x2 00
 .text.isalpha  0x00016514       0x1c C:\fehqt\Proteus/EWL/lib/armv7e-m\libc.a(ctype_aeabi.o)
                0x00016514                isalpha
 .text.isspace  0x00016530       0x1c C:\fehqt\Proteus/EWL/lib/armv7e-m\libc.a(ctype_aeabi.o)
                0x00016530                isspace
 .text.toupper  0x0001654c        0xc C:\fehqt\Proteus/EWL/lib/armv7e-m\libc.a(ctype_aeabi.o)
                0x0001654c                toupper
 .text.__strtoul
                0x00016558      0x1dc C:\fehqt\Proteus/EWL/lib/armv7e-m\libc.a(__strtoul.o)
                0x00016558                __strtoul
 .text.__fill_mem
                0x00016734       0x76 C:\fehqt\Proteus/EWL/lib/armv7e-m\libc.a(__filll_mem.o)
                0x00016734                __fill_mem
 .text.memchr   0x000167aa       0x1a C:\fehqt\Proteus/EWL/lib/armv7e-m\libc.a(memchr.o)
                0x000167aa                memchr
 .text.strchr   0x000167c4       0x1c C:\fehqt\Proteus/EWL/lib/armv7e-m\libc.a(strchr.o)
                0x000167c4                strchr
 .text.__init_cpp
                0x000167e0       0x4c C:\fehqt\Proteus/EWL/lib/armv7e-m\librt.a(gcc_ctor_dtor.o)
                0x000167e0                __init_cpp
 .text.__fini_cpp
                0x0001682c       0x34 C:\fehqt\Proteus/EWL/lib/armv7e-m\librt.a(gcc_ctor_dtor.o)
                0x0001682c                __fini_cpp
 .text.__copy_rom_section
                0x00016860       0x44 C:\fehqt\Proteus/EWL/lib/armv7e-m\librt.a(ROMCopy.o)
                0x00016860                __copy_rom_section
 .text.__copy_rom_sections_to_ram
                0x000168a4       0x34 C:\fehqt\Proteus/EWL/lib/armv7e-m\librt.a(ROMCopy.o)
                0x000168a4                __copy_rom_sections_to_ram
 .text.__destroy_global_chain
                0x000168d8       0x1c C:\fehqt\Proteus/EWL/lib/armv7e-m\librt.a(__arm_eabi_init.o)
                0x000168d8                __destroy_global_chain
 .text.__init_registers
                0x000168f4       0x20 C:\fehqt\Proteus/EWL/lib/armv7e-m\librt.a(__arm_eabi_init.o)
                0x000168f4                __init_registers
 .text.__init_user
                0x00016914        0x4 C:\fehqt\Proteus/EWL/lib/armv7e-m\librt.a(__arm_eabi_init.o)
                0x00016914                __init_user
 *(.rodata)
 .rodata        0x00016918      0x730 ..\main.o
 .rodata        0x00017048       0x78 Libraries\FEHIO.o
 .rodata        0x000170c0       0x34 Libraries\FEHLCD.o
 *(.rodata*)
 .rodata.K60_SDHC0_init
                0x000170f4        0xc Drivers\SDHC.o
                0x000170f4                K60_SDHC0_init
 .rodata._ZL21ESDHC_COMMAND_XFERTYP
                0x00017100      0x100 Drivers\SDHC.o
 .rodata._ZL10ADCNumbers
                0x00017200       0x24 Libraries\FEHIO.o
 .rodata._ZL16AnalogPinNumbers
                0x00017224       0x84 Libraries\FEHIO.o
 .rodata.str1.1
                0x000172a8        0x1 C:\fehqt\Proteus/EWL/lib/armv7e-m\libc.a(printformat_.o)
 .rodata.__aeabi_ctype_table_C
                0x000172a9      0x101 C:\fehqt\Proteus/EWL/lib/armv7e-m\libc.a(ctype_aeabi.o)
                0x000172a9                __aeabi_ctype_table_C
 *(.glue_7)
 .glue_7        0x00000000        0x0 linker stubs
 *(.glue_7t)
 .glue_7t       0x00000000        0x0 linker stubs
 *(.eh_frame)
 *(.init)
 *(.fini)
                0x000173ac                . = ALIGN (0x4)
 *fill*         0x000173aa        0x2 00
                0x000173ac                _etext = .

.vfp11_veneer   0x000173ac        0x0
 .vfp11_veneer  0x00000000        0x0 linker stubs

.v4_bx          0x000173ac        0x0
 .v4_bx         0x00000000        0x0 linker stubs

.ARM.extab
 *(.ARM.extab* .gnu.linkonce.armextab.*)

.ARM            0x000173ac        0x0
                0x000173ac                __exidx_start = .
 *(.ARM.exidx*)
                0x000173ac                __exidx_end = .

.ctors          0x000173ac        0x0
                0x000173ac                __CTOR_LIST__ = .
 *crtbegin.o(.ctors)
 *(EXCLUDE_FILE(*crtend.o) .ctors)
 *(SORT(.ctors.*))
 *(.ctors)
                0x000173ac                __CTOR_END__ = .

.dtors          0x000173ac        0x0
                0x000173ac                __DTOR_LIST__ = .
 *crtbegin.o(.dtors)
 *(EXCLUDE_FILE(*crtend.o) .dtors)
 *(SORT(.dtors.*))
 *(.dtors)
                0x000173ac                __DTOR_END__ = .

.preinit_array  0x000173ac        0x0
                0x000173ac                PROVIDE (__preinit_array_start, .)
 *(.preinit_array*)
                0x000173ac                PROVIDE (__preinit_array_end, .)

.init_array     0x000173ac       0x1c
                0x000173ac                PROVIDE (__init_array_start, .)
 *(SORT(.init_array.*))
 *(.init_array*)
 .init_array    0x000173ac        0x4 FEHProteus.o
 .init_array    0x000173b0        0x4 Libraries\FEHBuzzer.o
 .init_array    0x000173b4        0x4 Libraries\FEHLCD.o
 .init_array    0x000173b8        0x4 Libraries\FEHAccel.o
 .init_array    0x000173bc        0x4 Libraries\FEHBattery.o
 .init_array    0x000173c0        0x4 Libraries\FEHRPS.o
 .init_array    0x000173c4        0x4 Libraries\FEHSD.o
                0x000173c8                PROVIDE (__init_array_end, .)

.fini_array     0x000173c8        0x0
                0x000173c8                PROVIDE (__fini_array_start, .)
 *(SORT(.fini_array.*))
 *(.fini_array*)
                0x000173c8                PROVIDE (__fini_array_end, .)
                0x000173c8                ___ROM_AT = .

.data           0x1fff0400      0xd20 load address 0x000173c8
                0x1fff0400                . = ALIGN (0x4)
                0x1fff0400                _sdata = .
 *(.data)
 *(.data*)
 .data._ZL4Stat
                0x1fff0400        0x1 Drivers\SDHC.o
 *fill*         0x1fff0401        0x3 00
 .data.image    0x1fff0404      0x750 Libraries\FEHLCD.o
                0x1fff0404                image
 .data.logo     0x1fff0b54      0x3e8 Libraries\FEHLCD.o
                0x1fff0b54                logo
 .data._ZN6FEHLCD8fontDataE
                0x1fff0f3c      0x1e0 Libraries\FEHLCD.o
                0x1fff0f3c                FEHLCD::fontData
 .data.random_next
                0x1fff111c        0x4 C:\fehqt\Proteus/EWL/lib/armv7e-m\libc.a(rand.o)
                0x1fff1120                . = ALIGN (0x4)
                0x1fff1120                _edata = .
                0x00000d20                ___data_size = (_edata - _sdata)
                0x000180e8                ___m_data2_ROMStart = (___ROM_AT + SIZEOF (.data))

.user_data2     0x20000000        0x0 load address 0x000180e8
                0x20000000                . = ALIGN (0x4)
                0x20000000                ___m_data2_RAMStart = .
 *(.data2)
                0x20000000                ___m_data2_RAMEnd = .
                0x20000000                . = ALIGN (0x4)
                0x00000000                ___m_data2_ROMSize = (___m_data2_RAMEnd - ___m_data2_RAMStart)
                0x20000000                . = ALIGN (0x4)

.bss            0x1fff1120      0x5b0 load address 0x000180e8
                0x1fff1120                __START_BSS = .
                0x1fff1120                PROVIDE (__bss_start__, __START_BSS)
 *(.bss)
 *(.bss*)
 .bss._ZL4argv  0x1fff1120        0x4 Startup\__arm_start.o
 .bss.MasterTransmission
                0x1fff1124        0x1 Drivers\i2c.o
                0x1fff1124                MasterTransmission
 .bss.SlaveID   0x1fff1125        0x1 Drivers\i2c.o
                0x1fff1125                SlaveID
 *fill*         0x1fff1126        0x2 00
 .bss.SDHC_Card
                0x1fff1128       0x14 Drivers\SDHC.o
                0x1fff1128                SDHC_Card
 .bss.SDHC_Info
                0x1fff113c      0x204 Drivers\SDHC.o
                0x1fff113c                SDHC_Info
 .bss.SDHC_Device
                0x1fff1340        0x8 Drivers\SDHC.o
                0x1fff1340                SDHC_Device
 .bss.Propeller
                0x1fff1348        0x4 FEHProteus.o
                0x1fff1348                Propeller
 .bss.CoreClockKHz
                0x1fff134c        0x4 FEHProteus.o
                0x1fff134c                CoreClockKHz
 .bss.CoreClockMHz
                0x1fff1350        0x4 FEHProteus.o
                0x1fff1350                CoreClockMHz
 .bss.PeripheralClockKHz
                0x1fff1354        0x4 FEHProteus.o
                0x1fff1354                PeripheralClockKHz
 .bss._ZN14AnalogInputPin17Master_Adc_ConfigE
                0x1fff1358       0x10 Libraries\FEHIO.o
                0x1fff1358                AnalogInputPin::Master_Adc_Config
 .bss._ZN14AnalogInputPin18Encoder_Adc_ConfigE
                0x1fff1368       0x10 Libraries\FEHIO.o
                0x1fff1368                AnalogInputPin::Encoder_Adc_Config
 .bss.interrupt_counts
                0x1fff1378       0x80 Libraries\FEHIO.o
                0x1fff1378                interrupt_counts
 .bss._ZN13AnalogEncoder7pinListE
                0x1fff13f8        0x4 Libraries\FEHIO.o
                0x1fff13f8                AnalogEncoder::pinList
 .bss.__interrupt_counter
                0x1fff13fc        0x4 Libraries\FEHIO.o
                0x1fff13fc                __interrupt_counter
 .bss.Buzzer    0x1fff1400        0x4 Libraries\FEHBuzzer.o
                0x1fff1400                Buzzer
 .bss.LCD       0x1fff1404       0x44 Libraries\FEHLCD.o
                0x1fff1404                LCD
 .bss.initialized
                0x1fff1448        0x1 Libraries\FEHLCD.o
                0x1fff1448                initialized
 *fill*         0x1fff1449        0x3 00
 .bss.Accel     0x1fff144c        0x4 Libraries\FEHAccel.o
                0x1fff144c                Accel
 .bss.Battery   0x1fff1450        0x4 Libraries\FEHBattery.o
                0x1fff1450                Battery
 .bss.XBeeDataProcess
                0x1fff1454        0x4 Drivers\FEHXBee.o
                0x1fff1454                XBeeDataProcess
 .bss._xbeebuffer
                0x1fff1458       0x10 Drivers\FEHXBee.o
                0x1fff1458                _xbeebuffer
 .bss._xbeebufferindex
                0x1fff1468        0x1 Drivers\FEHXBee.o
                0x1fff1468                _xbeebufferindex
 .bss._xbeestate
                0x1fff1469        0x1 Drivers\FEHXBee.o
                0x1fff1469                _xbeestate
 .bss._xbeebytereceived
                0x1fff146a        0x1 Drivers\FEHXBee.o
                0x1fff146a                _xbeebytereceived
 .bss._xbeebyte
                0x1fff146b        0x1 Drivers\FEHXBee.o
                0x1fff146b                _xbeebyte
 .bss.RPS       0x1fff146c        0x8 Libraries\FEHRPS.o
                0x1fff146c                RPS
 .bss._enabled  0x1fff1474        0x1 Libraries\FEHRPS.o
                0x1fff1474                _enabled
 *fill*         0x1fff1475        0x3 00
 .bss._RPS_x    0x1fff1478        0x4 Libraries\FEHRPS.o
                0x1fff1478                _RPS_x
 .bss._RPS_y    0x1fff147c        0x4 Libraries\FEHRPS.o
                0x1fff147c                _RPS_y
 .bss._RPS_heading
                0x1fff1480        0x4 Libraries\FEHRPS.o
                0x1fff1480                _RPS_heading
 .bss._RPS_objective
                0x1fff1484        0x4 Libraries\FEHRPS.o
                0x1fff1484                _RPS_objective
 .bss._RPS_time
                0x1fff1488        0x1 Libraries\FEHRPS.o
                0x1fff1488                _RPS_time
 .bss._RPS_stop
                0x1fff1489        0x1 Libraries\FEHRPS.o
                0x1fff1489                _RPS_stop
 .bss._RPS_foundpacket
                0x1fff148a        0x1 Libraries\FEHRPS.o
                0x1fff148a                _RPS_foundpacket
 *fill*         0x1fff148b        0x1 00
 .bss.SD        0x1fff148c        0x4 Libraries\FEHSD.o
                0x1fff148c                SD
 .bss.logfil    0x1fff1490      0x228 Libraries\FEHSD.o
                0x1fff1490                logfil
 .bss.__stdio_exit
                0x1fff16b8        0x4 C:\fehqt\Proteus/EWL/lib/armv7e-m\libc.a(exit.o)
                0x1fff16b8                __stdio_exit
 .bss.__console_exit
                0x1fff16bc        0x4 C:\fehqt\Proteus/EWL/lib/armv7e-m\libc.a(exit.o)
                0x1fff16bc                __console_exit
 .bss.__S_romp  0x1fff16c0        0xc C:\fehqt\Proteus/EWL/lib/armv7e-m\librt.a(ROMCopy.o)
 .bss.__global_destructor_chain
                0x1fff16cc        0x4 C:\fehqt\Proteus/EWL/lib/armv7e-m\librt.a(__arm_eabi_init.o)
                0x1fff16cc                __global_destructor_chain
 *(COMMON)
                0x1fff16d0                . = ALIGN (0x4)
                0x1fff16d0                __END_BSS = .
                0x1fff16d0                PROVIDE (__bss_end__, __END_BSS)

._user_heap_stack
                0x1fff16d0     0x1000 load address 0x00018698
                0x1fff16d0                . = ALIGN (0x4)
                0x1fff16d0                PROVIDE (end, .)
                0x1fff16d0                PROVIDE (_end, .)
                0x1fff16d0                __heap_addr = .
                0x1fff1ed0                . = (. + __heap_size)
 *fill*         0x1fff16d0      0x800 00
                0x1fff26d0                . = (. + __stack_size)
 *fill*         0x1fff1ed0      0x800 00
                0x1fff26d0                . = ALIGN (0x4)
                0x000180e8                _romp_at = ((___ROM_AT + SIZEOF (.data)) + SIZEOF (.user_data2))

.romp           0x20000000       0x24 load address 0x000180e8
                0x000180e8                __S_romp = _romp_at
                0x20000000        0x4 LONG 0x173c8 ___ROM_AT
                0x20000004        0x4 LONG 0x1fff0400 _sdata
                0x20000008        0x4 LONG 0xd20 ___data_size
                0x2000000c        0x4 LONG 0x180e8 ___m_data2_ROMStart
                0x20000010        0x4 LONG 0x20000000 ___m_data2_RAMStart
                0x20000014        0x4 LONG 0x0 ___m_data2_ROMSize
                0x20000018        0x4 LONG 0x0
                0x2000001c        0x4 LONG 0x0
                0x20000020        0x4 LONG 0x0

.ARM.attributes
                0x00000000       0x33
 *(.ARM.attributes)
 .ARM.attributes
                0x00000000       0x33 ..\main.o
 .ARM.attributes
                0x00000033       0x33 Startup\__arm_start.o
 .ARM.attributes
                0x00000066       0x33 Startup\__arm_end.o
 .ARM.attributes
                0x00000099       0x33 Startup\kinetis_sysinit.o
 .ARM.attributes
                0x000000cc       0x33 Drivers\i2c.o
 .ARM.attributes
                0x000000ff       0x33 Drivers\spi.o
 .ARM.attributes
                0x00000132       0x33 Drivers\uart.o
 .ARM.attributes
                0x00000165       0x33 Drivers\ff.o
 .ARM.attributes
                0x00000198       0x33 Drivers\SDHC.o
 .ARM.attributes
                0x000001cb       0x33 Drivers\lptmr.o
 .ARM.attributes
                0x000001fe       0x33 FEHProteus.o
 .ARM.attributes
                0x00000231       0x33 Drivers\FEHPropeller.o
 .ARM.attributes
                0x00000264       0x33 Libraries\FEHUtility.o
 .ARM.attributes
                0x00000297       0x33 Libraries\FEHIO.o
 .ARM.attributes
                0x000002ca       0x33 Drivers\adc16.o
 .ARM.attributes
                0x000002fd       0x33 Libraries\FEHBuzzer.o
 .ARM.attributes
                0x00000330       0x33 Libraries\FEHLCD.o
 .ARM.attributes
                0x00000363       0x33 Libraries\FEHAccel.o
 .ARM.attributes
                0x00000396       0x33 Libraries\FEHBattery.o
 .ARM.attributes
                0x000003c9       0x33 Drivers\FEHXBee.o
 .ARM.attributes
                0x000003fc       0x33 Libraries\FEHRPS.o
 .ARM.attributes
                0x0000042f       0x33 Libraries\FEHSD.o
 .ARM.attributes
                0x00000462       0x33 C:\fehqt\Proteus/EWL/lib/armv7e-m\libc.a(sprintf.o)
 .ARM.attributes
                0x00000495       0x33 C:\fehqt\Proteus/EWL/lib/armv7e-m\libc.a(vsnprintf.o)
 .ARM.attributes
                0x000004c8       0x33 C:\fehqt\Proteus/EWL/lib/armv7e-m\libc.a(exit.o)
 .ARM.attributes
                0x000004fb       0x33 C:\fehqt\Proteus/EWL/lib/armv7e-m\libc.a(rand.o)
 .ARM.attributes
                0x0000052e       0x33 C:\fehqt\Proteus/EWL/lib/armv7e-m\libc.a(memcpy.o)
 .ARM.attributes
                0x00000561       0x33 C:\fehqt\Proteus/EWL/lib/armv7e-m\libc.a(memset.o)
 .ARM.attributes
                0x00000594       0x33 C:\fehqt\Proteus/EWL/lib/armv7e-m\libc.a(strcpy.o)
 .ARM.attributes
                0x000005c7       0x33 C:\fehqt\Proteus/EWL/lib/armv7e-m\libc.a(strlen.o)
 .ARM.attributes
                0x000005fa       0x33 C:\fehqt\Proteus/EWL/lib/armv7e-m\libc.a(printformat_.o)
 .ARM.attributes
                0x0000062d       0x33 C:\fehqt\Proteus/EWL/lib/armv7e-m\libc.a(scanformat_.o)
 .ARM.attributes
                0x00000660       0x33 C:\fehqt\Proteus/EWL/lib/armv7e-m\libc.a(ctype_aeabi.o)
 .ARM.attributes
                0x00000693       0x33 C:\fehqt\Proteus/EWL/lib/armv7e-m\libc.a(__strtoul.o)
 .ARM.attributes
                0x000006c6       0x33 C:\fehqt\Proteus/EWL/lib/armv7e-m\libc.a(__filll_mem.o)
 .ARM.attributes
                0x000006f9       0x33 C:\fehqt\Proteus/EWL/lib/armv7e-m\libc.a(memchr.o)
 .ARM.attributes
                0x0000072c       0x33 C:\fehqt\Proteus/EWL/lib/armv7e-m\libc.a(strchr.o)
 .ARM.attributes
                0x0000075f       0x1e c:/fehqt/proteus/gcc/bin/../lib/gcc/arm-none-eabi/4.6.2/armv7e-m\libgcc.a(_arm_addsubdf3.o)
 .ARM.attributes
                0x0000077d       0x1e c:/fehqt/proteus/gcc/bin/../lib/gcc/arm-none-eabi/4.6.2/armv7e-m\libgcc.a(_arm_muldivdf3.o)
 .ARM.attributes
                0x0000079b       0x1e c:/fehqt/proteus/gcc/bin/../lib/gcc/arm-none-eabi/4.6.2/armv7e-m\libgcc.a(_arm_cmpdf2.o)
 .ARM.attributes
                0x000007b9       0x1e c:/fehqt/proteus/gcc/bin/../lib/gcc/arm-none-eabi/4.6.2/armv7e-m\libgcc.a(_arm_fixdfsi.o)
 .ARM.attributes
                0x000007d7       0x1e c:/fehqt/proteus/gcc/bin/../lib/gcc/arm-none-eabi/4.6.2/armv7e-m\libgcc.a(_arm_fixunsdfsi.o)
 .ARM.attributes
                0x000007f5       0x1e c:/fehqt/proteus/gcc/bin/../lib/gcc/arm-none-eabi/4.6.2/armv7e-m\libgcc.a(_arm_truncdfsf2.o)
 .ARM.attributes
                0x00000813       0x1e c:/fehqt/proteus/gcc/bin/../lib/gcc/arm-none-eabi/4.6.2/armv7e-m\libgcc.a(_arm_addsubsf3.o)
 .ARM.attributes
                0x00000831       0x1e c:/fehqt/proteus/gcc/bin/../lib/gcc/arm-none-eabi/4.6.2/armv7e-m\libgcc.a(_arm_muldivsf3.o)
 .ARM.attributes
                0x0000084f       0x1e c:/fehqt/proteus/gcc/bin/../lib/gcc/arm-none-eabi/4.6.2/armv7e-m\libgcc.a(_arm_cmpsf2.o)
 .ARM.attributes
                0x0000086d       0x1e c:/fehqt/proteus/gcc/bin/../lib/gcc/arm-none-eabi/4.6.2/armv7e-m\libgcc.a(_arm_fixsfsi.o)
 .ARM.attributes
                0x0000088b       0x33 C:\fehqt\Proteus/EWL/lib/armv7e-m\librt.a(gcc_ctor_dtor.o)
 .ARM.attributes
                0x000008be       0x33 C:\fehqt\Proteus/EWL/lib/armv7e-m\librt.a(ROMCopy.o)
 .ARM.attributes
                0x000008f1       0x33 C:\fehqt\Proteus/EWL/lib/armv7e-m\librt.a(__arm_eabi_init.o)
OUTPUT(../MarioKartUpgraded.elf elf32-littlearm)

.debug_info     0x00000000    0x131ca
 .debug_info    0x00000000     0x17df ..\main.o
 .debug_info    0x000017df     0x12c5 Startup\__arm_start.o
 .debug_info    0x00002aa4       0x58 Startup\__arm_end.o
 .debug_info    0x00002afc      0x57d Startup\kinetis_sysinit.o
 .debug_info    0x00003079      0x250 Drivers\i2c.o
 .debug_info    0x000032c9      0x6cf Drivers\spi.o
 .debug_info    0x00003998      0x59c Drivers\uart.o
 .debug_info    0x00003f34     0x1da0 Drivers\ff.o
 .debug_info    0x00005cd4      0xf1d Drivers\SDHC.o
 .debug_info    0x00006bf1      0x2de Drivers\lptmr.o
 .debug_info    0x00006ecf      0x1a7 FEHProteus.o
 .debug_info    0x00007076      0x722 Drivers\FEHPropeller.o
 .debug_info    0x00007798      0x36c Libraries\FEHUtility.o
 .debug_info    0x00007b04     0x1c6a Libraries\FEHIO.o
 .debug_info    0x0000976e      0x4ab Drivers\adc16.o
 .debug_info    0x00009c19      0xa42 Libraries\FEHBuzzer.o
 .debug_info    0x0000a65b     0x2c25 Libraries\FEHLCD.o
 .debug_info    0x0000d280      0x26a Libraries\FEHAccel.o
 .debug_info    0x0000d4ea      0x3a9 Libraries\FEHBattery.o
 .debug_info    0x0000d893      0xac3 Drivers\FEHXBee.o
 .debug_info    0x0000e356     0x19c7 Libraries\FEHRPS.o
 .debug_info    0x0000fd1d     0x1242 Libraries\FEHSD.o
 .debug_info    0x00010f5f      0x11f C:\fehqt\Proteus/EWL/lib/armv7e-m\libc.a(sprintf.o)
 .debug_info    0x0001107e      0x206 C:\fehqt\Proteus/EWL/lib/armv7e-m\libc.a(vsnprintf.o)
 .debug_info    0x00011284      0x103 C:\fehqt\Proteus/EWL/lib/armv7e-m\libc.a(exit.o)
 .debug_info    0x00011387      0x108 C:\fehqt\Proteus/EWL/lib/armv7e-m\libc.a(rand.o)
 .debug_info    0x0001148f      0x113 C:\fehqt\Proteus/EWL/lib/armv7e-m\libc.a(memcpy.o)
 .debug_info    0x000115a2       0xf4 C:\fehqt\Proteus/EWL/lib/armv7e-m\libc.a(memset.o)
 .debug_info    0x00011696      0x10a C:\fehqt\Proteus/EWL/lib/armv7e-m\libc.a(strcpy.o)
 .debug_info    0x000117a0       0xf3 C:\fehqt\Proteus/EWL/lib/armv7e-m\libc.a(strlen.o)
 .debug_info    0x00011893      0x512 C:\fehqt\Proteus/EWL/lib/armv7e-m\libc.a(printformat_.o)
 .debug_info    0x00011da5      0x564 C:\fehqt\Proteus/EWL/lib/armv7e-m\libc.a(scanformat_.o)
 .debug_info    0x00012309      0x32a C:\fehqt\Proteus/EWL/lib/armv7e-m\libc.a(ctype_aeabi.o)
 .debug_info    0x00012633      0x1d7 C:\fehqt\Proteus/EWL/lib/armv7e-m\libc.a(__strtoul.o)
 .debug_info    0x0001280a      0x13d C:\fehqt\Proteus/EWL/lib/armv7e-m\libc.a(__filll_mem.o)
 .debug_info    0x00012947      0x129 C:\fehqt\Proteus/EWL/lib/armv7e-m\libc.a(memchr.o)
 .debug_info    0x00012a70      0x110 C:\fehqt\Proteus/EWL/lib/armv7e-m\libc.a(strchr.o)
 .debug_info    0x00012b80      0x1c0 C:\fehqt\Proteus/EWL/lib/armv7e-m\librt.a(gcc_ctor_dtor.o)
 .debug_info    0x00012d40      0x1b8 C:\fehqt\Proteus/EWL/lib/armv7e-m\librt.a(ROMCopy.o)
 .debug_info    0x00012ef8      0x2d2 C:\fehqt\Proteus/EWL/lib/armv7e-m\librt.a(__arm_eabi_init.o)

.debug_abbrev   0x00000000     0x3a5a
 .debug_abbrev  0x00000000      0x311 ..\main.o
 .debug_abbrev  0x00000311      0x28f Startup\__arm_start.o
 .debug_abbrev  0x000005a0       0x45 Startup\__arm_end.o
 .debug_abbrev  0x000005e5      0x18a Startup\kinetis_sysinit.o
 .debug_abbrev  0x0000076f       0xfc Drivers\i2c.o
 .debug_abbrev  0x0000086b      0x18b Drivers\spi.o
 .debug_abbrev  0x000009f6      0x15f Drivers\uart.o
 .debug_abbrev  0x00000b55      0x18f Drivers\ff.o
 .debug_abbrev  0x00000ce4      0x223 Drivers\SDHC.o
 .debug_abbrev  0x00000f07       0xd2 Drivers\lptmr.o
 .debug_abbrev  0x00000fd9      0x101 FEHProteus.o
 .debug_abbrev  0x000010da      0x1c6 Drivers\FEHPropeller.o
 .debug_abbrev  0x000012a0      0x154 Libraries\FEHUtility.o
 .debug_abbrev  0x000013f4      0x448 Libraries\FEHIO.o
 .debug_abbrev  0x0000183c      0x12a Drivers\adc16.o
 .debug_abbrev  0x00001966      0x1da Libraries\FEHBuzzer.o
 .debug_abbrev  0x00001b40      0x38c Libraries\FEHLCD.o
 .debug_abbrev  0x00001ecc      0x13b Libraries\FEHAccel.o
 .debug_abbrev  0x00002007      0x1cb Libraries\FEHBattery.o
 .debug_abbrev  0x000021d2      0x231 Drivers\FEHXBee.o
 .debug_abbrev  0x00002403      0x37f Libraries\FEHRPS.o
 .debug_abbrev  0x00002782      0x33a Libraries\FEHSD.o
 .debug_abbrev  0x00002abc       0xb5 C:\fehqt\Proteus/EWL/lib/armv7e-m\libc.a(sprintf.o)
 .debug_abbrev  0x00002b71       0xf4 C:\fehqt\Proteus/EWL/lib/armv7e-m\libc.a(vsnprintf.o)
 .debug_abbrev  0x00002c65       0x8f C:\fehqt\Proteus/EWL/lib/armv7e-m\libc.a(exit.o)
 .debug_abbrev  0x00002cf4       0x92 C:\fehqt\Proteus/EWL/lib/armv7e-m\libc.a(rand.o)
 .debug_abbrev  0x00002d86       0x97 C:\fehqt\Proteus/EWL/lib/armv7e-m\libc.a(memcpy.o)
 .debug_abbrev  0x00002e1d       0x66 C:\fehqt\Proteus/EWL/lib/armv7e-m\libc.a(memset.o)
 .debug_abbrev  0x00002e83       0x7c C:\fehqt\Proteus/EWL/lib/armv7e-m\libc.a(strcpy.o)
 .debug_abbrev  0x00002eff       0x7e C:\fehqt\Proteus/EWL/lib/armv7e-m\libc.a(strlen.o)
 .debug_abbrev  0x00002f7d      0x204 C:\fehqt\Proteus/EWL/lib/armv7e-m\libc.a(printformat_.o)
 .debug_abbrev  0x00003181      0x1fb C:\fehqt\Proteus/EWL/lib/armv7e-m\libc.a(scanformat_.o)
 .debug_abbrev  0x0000337c       0x9a C:\fehqt\Proteus/EWL/lib/armv7e-m\libc.a(ctype_aeabi.o)
 .debug_abbrev  0x00003416       0xc6 C:\fehqt\Proteus/EWL/lib/armv7e-m\libc.a(__strtoul.o)
 .debug_abbrev  0x000034dc       0x8b C:\fehqt\Proteus/EWL/lib/armv7e-m\libc.a(__filll_mem.o)
 .debug_abbrev  0x00003567       0x99 C:\fehqt\Proteus/EWL/lib/armv7e-m\libc.a(memchr.o)
 .debug_abbrev  0x00003600       0x8d C:\fehqt\Proteus/EWL/lib/armv7e-m\libc.a(strchr.o)
 .debug_abbrev  0x0000368d       0x9d C:\fehqt\Proteus/EWL/lib/armv7e-m\librt.a(gcc_ctor_dtor.o)
 .debug_abbrev  0x0000372a      0x160 C:\fehqt\Proteus/EWL/lib/armv7e-m\librt.a(ROMCopy.o)
 .debug_abbrev  0x0000388a      0x1d0 C:\fehqt\Proteus/EWL/lib/armv7e-m\librt.a(__arm_eabi_init.o)

.debug_loc      0x00000000     0x653b
 .debug_loc     0x00000000      0x335 ..\main.o
 .debug_loc     0x00000335       0xb0 Startup\__arm_start.o
 .debug_loc     0x000003e5       0x38 Startup\__arm_end.o
 .debug_loc     0x0000041d       0x84 Startup\kinetis_sysinit.o
 .debug_loc     0x000004a1       0xe0 Drivers\i2c.o
 .debug_loc     0x00000581      0x19c Drivers\spi.o
 .debug_loc     0x0000071d       0xe0 Drivers\uart.o
 .debug_loc     0x000007fd      0xa96 Drivers\ff.o
 .debug_loc     0x00001293      0x370 Drivers\SDHC.o
 .debug_loc     0x00001603       0x38 Drivers\lptmr.o
 .debug_loc     0x0000163b       0x64 FEHProteus.o
 .debug_loc     0x0000169f      0x118 Drivers\FEHPropeller.o
 .debug_loc     0x000017b7      0x1a8 Libraries\FEHUtility.o
 .debug_loc     0x0000195f      0x8d6 Libraries\FEHIO.o
 .debug_loc     0x00002235       0xa8 Drivers\adc16.o
 .debug_loc     0x000022dd      0x304 Libraries\FEHBuzzer.o
 .debug_loc     0x000025e1     0x1147 Libraries\FEHLCD.o
 .debug_loc     0x00003728      0x144 Libraries\FEHAccel.o
 .debug_loc     0x0000386c       0xd4 Libraries\FEHBattery.o
 .debug_loc     0x00003940      0x1c0 Drivers\FEHXBee.o
 .debug_loc     0x00003b00      0x3e8 Libraries\FEHRPS.o
 .debug_loc     0x00003ee8      0x188 Libraries\FEHSD.o
 .debug_loc     0x00004070       0x3f C:\fehqt\Proteus/EWL/lib/armv7e-m\libc.a(sprintf.o)
 .debug_loc     0x000040af      0x105 C:\fehqt\Proteus/EWL/lib/armv7e-m\libc.a(vsnprintf.o)
 .debug_loc     0x000041b4       0x3e C:\fehqt\Proteus/EWL/lib/armv7e-m\libc.a(exit.o)
 .debug_loc     0x000041f2       0x46 C:\fehqt\Proteus/EWL/lib/armv7e-m\libc.a(memcpy.o)
 .debug_loc     0x00004238       0x64 C:\fehqt\Proteus/EWL/lib/armv7e-m\libc.a(memset.o)
 .debug_loc     0x0000429c       0x20 C:\fehqt\Proteus/EWL/lib/armv7e-m\libc.a(strcpy.o)
 .debug_loc     0x000042bc       0x31 C:\fehqt\Proteus/EWL/lib/armv7e-m\libc.a(strlen.o)
 .debug_loc     0x000042ed     0x106f C:\fehqt\Proteus/EWL/lib/armv7e-m\libc.a(printformat_.o)
 .debug_loc     0x0000535c      0x8cb C:\fehqt\Proteus/EWL/lib/armv7e-m\libc.a(scanformat_.o)
 .debug_loc     0x00005c27      0x18e C:\fehqt\Proteus/EWL/lib/armv7e-m\libc.a(ctype_aeabi.o)
 .debug_loc     0x00005db5      0x2ad C:\fehqt\Proteus/EWL/lib/armv7e-m\libc.a(__strtoul.o)
 .debug_loc     0x00006062      0x12c C:\fehqt\Proteus/EWL/lib/armv7e-m\libc.a(__filll_mem.o)
 .debug_loc     0x0000618e       0x82 C:\fehqt\Proteus/EWL/lib/armv7e-m\libc.a(memchr.o)
 .debug_loc     0x00006210       0x78 C:\fehqt\Proteus/EWL/lib/armv7e-m\libc.a(strchr.o)
 .debug_loc     0x00006288       0xbe C:\fehqt\Proteus/EWL/lib/armv7e-m\librt.a(gcc_ctor_dtor.o)
 .debug_loc     0x00006346       0x9b C:\fehqt\Proteus/EWL/lib/armv7e-m\librt.a(ROMCopy.o)
 .debug_loc     0x000063e1      0x15a C:\fehqt\Proteus/EWL/lib/armv7e-m\librt.a(__arm_eabi_init.o)

.debug_aranges  0x00000000      0xe88
 .debug_aranges
                0x00000000       0x90 ..\main.o
 .debug_aranges
                0x00000090       0x48 Startup\__arm_start.o
 .debug_aranges
                0x000000d8       0x20 Startup\__arm_end.o
 .debug_aranges
                0x000000f8       0x30 Startup\kinetis_sysinit.o
 .debug_aranges
                0x00000128       0x38 Drivers\i2c.o
 .debug_aranges
                0x00000160       0x58 Drivers\spi.o
 .debug_aranges
                0x000001b8       0x38 Drivers\uart.o
 .debug_aranges
                0x000001f0      0x198 Drivers\ff.o
 .debug_aranges
                0x00000388       0x98 Drivers\SDHC.o
 .debug_aranges
                0x00000420       0x20 Drivers\lptmr.o
 .debug_aranges
                0x00000440       0x28 FEHProteus.o
 .debug_aranges
                0x00000468       0x40 Drivers\FEHPropeller.o
 .debug_aranges
                0x000004a8       0x58 Libraries\FEHUtility.o
 .debug_aranges
                0x00000500      0x160 Libraries\FEHIO.o
 .debug_aranges
                0x00000660       0x30 Drivers\adc16.o
 .debug_aranges
                0x00000690       0x88 Libraries\FEHBuzzer.o
 .debug_aranges
                0x00000718      0x290 Libraries\FEHLCD.o
 .debug_aranges
                0x000009a8       0x48 Libraries\FEHAccel.o
 .debug_aranges
                0x000009f0       0x38 Libraries\FEHBattery.o
 .debug_aranges
                0x00000a28       0x58 Drivers\FEHXBee.o
 .debug_aranges
                0x00000a80       0xa8 Libraries\FEHRPS.o
 .debug_aranges
                0x00000b28       0x50 Libraries\FEHSD.o
 .debug_aranges
                0x00000b78       0x20 C:\fehqt\Proteus/EWL/lib/armv7e-m\libc.a(sprintf.o)
 .debug_aranges
                0x00000b98       0x28 C:\fehqt\Proteus/EWL/lib/armv7e-m\libc.a(vsnprintf.o)
 .debug_aranges
                0x00000bc0       0x20 C:\fehqt\Proteus/EWL/lib/armv7e-m\libc.a(exit.o)
 .debug_aranges
                0x00000be0       0x28 C:\fehqt\Proteus/EWL/lib/armv7e-m\libc.a(rand.o)
 .debug_aranges
                0x00000c08       0x20 C:\fehqt\Proteus/EWL/lib/armv7e-m\libc.a(memcpy.o)
 .debug_aranges
                0x00000c28       0x20 C:\fehqt\Proteus/EWL/lib/armv7e-m\libc.a(memset.o)
 .debug_aranges
                0x00000c48       0x20 C:\fehqt\Proteus/EWL/lib/armv7e-m\libc.a(strcpy.o)
 .debug_aranges
                0x00000c68       0x20 C:\fehqt\Proteus/EWL/lib/armv7e-m\libc.a(strlen.o)
 .debug_aranges
                0x00000c88       0x28 C:\fehqt\Proteus/EWL/lib/armv7e-m\libc.a(printformat_.o)
 .debug_aranges
                0x00000cb0       0x20 C:\fehqt\Proteus/EWL/lib/armv7e-m\libc.a(scanformat_.o)
 .debug_aranges
                0x00000cd0       0x88 C:\fehqt\Proteus/EWL/lib/armv7e-m\libc.a(ctype_aeabi.o)
 .debug_aranges
                0x00000d58       0x20 C:\fehqt\Proteus/EWL/lib/armv7e-m\libc.a(__strtoul.o)
 .debug_aranges
                0x00000d78       0x20 C:\fehqt\Proteus/EWL/lib/armv7e-m\libc.a(__filll_mem.o)
 .debug_aranges
                0x00000d98       0x20 C:\fehqt\Proteus/EWL/lib/armv7e-m\libc.a(memchr.o)
 .debug_aranges
                0x00000db8       0x20 C:\fehqt\Proteus/EWL/lib/armv7e-m\libc.a(strchr.o)
 .debug_aranges
                0x00000dd8       0x28 C:\fehqt\Proteus/EWL/lib/armv7e-m\librt.a(gcc_ctor_dtor.o)
 .debug_aranges
                0x00000e00       0x30 C:\fehqt\Proteus/EWL/lib/armv7e-m\librt.a(ROMCopy.o)
 .debug_aranges
                0x00000e30       0x58 C:\fehqt\Proteus/EWL/lib/armv7e-m\librt.a(__arm_eabi_init.o)

.debug_line     0x00000000     0x76d2
 .debug_line    0x00000000      0x5f3 ..\main.o
 .debug_line    0x000005f3      0x3ad Startup\__arm_start.o
 .debug_line    0x000009a0      0x21a Startup\__arm_end.o
 .debug_line    0x00000bba      0x283 Startup\kinetis_sysinit.o
 .debug_line    0x00000e3d      0x2ad Drivers\i2c.o
 .debug_line    0x000010ea      0x295 Drivers\spi.o
 .debug_line    0x0000137f      0x212 Drivers\uart.o
 .debug_line    0x00001591     0x1114 Drivers\ff.o
 .debug_line    0x000026a5      0x678 Drivers\SDHC.o
 .debug_line    0x00002d1d      0x1c0 Drivers\lptmr.o
 .debug_line    0x00002edd      0x1da FEHProteus.o
 .debug_line    0x000030b7      0x264 Drivers\FEHPropeller.o
 .debug_line    0x0000331b      0x282 Libraries\FEHUtility.o
 .debug_line    0x0000359d      0x6ee Libraries\FEHIO.o
 .debug_line    0x00003c8b      0x20f Drivers\adc16.o
 .debug_line    0x00003e9a      0x2df Libraries\FEHBuzzer.o
 .debug_line    0x00004179     0x1151 Libraries\FEHLCD.o
 .debug_line    0x000052ca      0x23f Libraries\FEHAccel.o
 .debug_line    0x00005509      0x218 Libraries\FEHBattery.o
 .debug_line    0x00005721      0x349 Drivers\FEHXBee.o
 .debug_line    0x00005a6a      0x6fa Libraries\FEHRPS.o
 .debug_line    0x00006164      0x334 Libraries\FEHSD.o
 .debug_line    0x00006498       0x94 C:\fehqt\Proteus/EWL/lib/armv7e-m\libc.a(sprintf.o)
 .debug_line    0x0000652c       0xd2 C:\fehqt\Proteus/EWL/lib/armv7e-m\libc.a(vsnprintf.o)
 .debug_line    0x000065fe       0x94 C:\fehqt\Proteus/EWL/lib/armv7e-m\libc.a(exit.o)
 .debug_line    0x00006692       0x91 C:\fehqt\Proteus/EWL/lib/armv7e-m\libc.a(rand.o)
 .debug_line    0x00006723       0x8d C:\fehqt\Proteus/EWL/lib/armv7e-m\libc.a(memcpy.o)
 .debug_line    0x000067b0       0x8f C:\fehqt\Proteus/EWL/lib/armv7e-m\libc.a(memset.o)
 .debug_line    0x0000683f       0x8e C:\fehqt\Proteus/EWL/lib/armv7e-m\libc.a(strcpy.o)
 .debug_line    0x000068cd       0x89 C:\fehqt\Proteus/EWL/lib/armv7e-m\libc.a(strlen.o)
 .debug_line    0x00006956      0x2c6 C:\fehqt\Proteus/EWL/lib/armv7e-m\libc.a(printformat_.o)
 .debug_line    0x00006c1c      0x2e3 C:\fehqt\Proteus/EWL/lib/armv7e-m\libc.a(scanformat_.o)
 .debug_line    0x00006eff      0x1dd C:\fehqt\Proteus/EWL/lib/armv7e-m\libc.a(ctype_aeabi.o)
 .debug_line    0x000070dc      0x141 C:\fehqt\Proteus/EWL/lib/armv7e-m\libc.a(__strtoul.o)
 .debug_line    0x0000721d      0x121 C:\fehqt\Proteus/EWL/lib/armv7e-m\libc.a(__filll_mem.o)
 .debug_line    0x0000733e       0xa3 C:\fehqt\Proteus/EWL/lib/armv7e-m\libc.a(memchr.o)
 .debug_line    0x000073e1       0x84 C:\fehqt\Proteus/EWL/lib/armv7e-m\libc.a(strchr.o)
 .debug_line    0x00007465       0x94 C:\fehqt\Proteus/EWL/lib/armv7e-m\librt.a(gcc_ctor_dtor.o)
 .debug_line    0x000074f9       0xc0 C:\fehqt\Proteus/EWL/lib/armv7e-m\librt.a(ROMCopy.o)
 .debug_line    0x000075b9      0x119 C:\fehqt\Proteus/EWL/lib/armv7e-m\librt.a(__arm_eabi_init.o)

.debug_macinfo  0x00000000   0x7d3cd0
 .debug_macinfo
                0x00000000    0x645ab ..\main.o
 .debug_macinfo
                0x000645ab    0x647fb Startup\__arm_start.o
 .debug_macinfo
                0x000c8da6     0x3464 Startup\__arm_end.o
 .debug_macinfo
                0x000cc20a    0x64cce Startup\kinetis_sysinit.o
 .debug_macinfo
                0x00130ed8    0x6318f Drivers\i2c.o
 .debug_macinfo
                0x00194067    0x62fd6 Drivers\spi.o
 .debug_macinfo
                0x001f703d    0x62fc7 Drivers\uart.o
 .debug_macinfo
                0x0025a004     0x4396 Drivers\ff.o
 .debug_macinfo
                0x0025e39a    0x6452b Drivers\SDHC.o
 .debug_macinfo
                0x002c28c5    0x63036 Drivers\lptmr.o
 .debug_macinfo
                0x003258fb    0x62fdc FEHProteus.o
 .debug_macinfo
                0x003888d7    0x63085 Drivers\FEHPropeller.o
 .debug_macinfo
                0x003eb95c    0x62ff1 Libraries\FEHUtility.o
 .debug_macinfo
                0x0044e94d    0x64348 Libraries\FEHIO.o
 .debug_macinfo
                0x004b2c95    0x63678 Drivers\adc16.o
 .debug_macinfo
                0x0051630d    0x6301e Libraries\FEHBuzzer.o
 .debug_macinfo
                0x0057932b    0x649ab Libraries\FEHLCD.o
 .debug_macinfo
                0x005ddcd6    0x631be Libraries\FEHAccel.o
 .debug_macinfo
                0x00640e94    0x636a3 Libraries\FEHBattery.o
 .debug_macinfo
                0x006a4537    0x63d5d Drivers\FEHXBee.o
 .debug_macinfo
                0x00708294    0x661ab Libraries\FEHRPS.o
 .debug_macinfo
                0x0076e43f    0x65891 Libraries\FEHSD.o

.debug_str      0x00000000     0x4bbf
 .debug_str     0x00000000     0x1077 ..\main.o
                               0x1124 (size before relaxing)
 .debug_str     0x00001077      0x35b Startup\__arm_start.o
                                0xe80 (size before relaxing)
 .debug_str     0x000013d2       0x23 Startup\__arm_end.o
                                 0xd4 (size before relaxing)
 .debug_str     0x000013f5      0x1df Startup\kinetis_sysinit.o
                                0x37f (size before relaxing)
 .debug_str     0x000015d4      0x11a Drivers\i2c.o
                                0x21b (size before relaxing)
 .debug_str     0x000016ee      0x18b Drivers\spi.o
                                0x3d4 (size before relaxing)
 .debug_str     0x00001879      0x183 Drivers\uart.o
                                0x369 (size before relaxing)
 .debug_str     0x000019fc      0x6bb Drivers\ff.o
                                0x86c (size before relaxing)
 .debug_str     0x000020b7      0x546 Drivers\SDHC.o
                                0x842 (size before relaxing)
 .debug_str     0x000025fd       0x5a Drivers\lptmr.o
                                0x222 (size before relaxing)
 .debug_str     0x00002657       0x6c FEHProteus.o
                                0x26e (size before relaxing)
 .debug_str     0x000026c3       0x1f Drivers\FEHPropeller.o
                                0x3af (size before relaxing)
 .debug_str     0x000026e2       0xc0 Libraries\FEHUtility.o
                                0x1f3 (size before relaxing)
 .debug_str     0x000027a2      0xfde Libraries\FEHIO.o
                               0x12c4 (size before relaxing)
 .debug_str     0x00003780       0xd7 Drivers\adc16.o
                                0x2b3 (size before relaxing)
 .debug_str     0x00003857       0x79 Libraries\FEHBuzzer.o
                                0x3c5 (size before relaxing)
 .debug_str     0x000038d0      0x2cc Libraries\FEHLCD.o
                               0x1126 (size before relaxing)
 .debug_str     0x00003b9c       0x68 Libraries\FEHAccel.o
                                0x1b7 (size before relaxing)
 .debug_str     0x00003c04       0x5d Libraries\FEHBattery.o
                                0x378 (size before relaxing)
 .debug_str     0x00003c61      0x1f6 Drivers\FEHXBee.o
                                0x55e (size before relaxing)
 .debug_str     0x00003e57      0x35e Libraries\FEHRPS.o
                               0x151b (size before relaxing)
 .debug_str     0x000041b5       0x75 Libraries\FEHSD.o
                                0xf43 (size before relaxing)
 .debug_str     0x0000422a       0xab C:\fehqt\Proteus/EWL/lib/armv7e-m\libc.a(sprintf.o)
                                0x15a (size before relaxing)
 .debug_str     0x000042d5       0x83 C:\fehqt\Proteus/EWL/lib/armv7e-m\libc.a(vsnprintf.o)
                                0x1c3 (size before relaxing)
 .debug_str     0x00004358       0x2e C:\fehqt\Proteus/EWL/lib/armv7e-m\libc.a(exit.o)
                                0x14e (size before relaxing)
 .debug_str     0x00004386       0x30 C:\fehqt\Proteus/EWL/lib/armv7e-m\libc.a(rand.o)
                                0x152 (size before relaxing)
 .debug_str     0x000043b6       0x1c C:\fehqt\Proteus/EWL/lib/armv7e-m\libc.a(memcpy.o)
                                0x138 (size before relaxing)
 .debug_str     0x000043d2       0x1c C:\fehqt\Proteus/EWL/lib/armv7e-m\libc.a(memset.o)
                                0x140 (size before relaxing)
 .debug_str     0x000043ee       0x24 C:\fehqt\Proteus/EWL/lib/armv7e-m\libc.a(strcpy.o)
                                0x139 (size before relaxing)
 .debug_str     0x00004412       0x1c C:\fehqt\Proteus/EWL/lib/armv7e-m\libc.a(strlen.o)
                                0x140 (size before relaxing)
 .debug_str     0x0000442e      0x213 C:\fehqt\Proteus/EWL/lib/armv7e-m\libc.a(printformat_.o)
                                0x3aa (size before relaxing)
 .debug_str     0x00004641      0x17b C:\fehqt\Proteus/EWL/lib/armv7e-m\libc.a(scanformat_.o)
                                0x3f0 (size before relaxing)
 .debug_str     0x000047bc       0x9d C:\fehqt\Proteus/EWL/lib/armv7e-m\libc.a(ctype_aeabi.o)
                                0x1b3 (size before relaxing)
 .debug_str     0x00004859       0x55 C:\fehqt\Proteus/EWL/lib/armv7e-m\libc.a(__strtoul.o)
                                0x1f2 (size before relaxing)
 .debug_str     0x000048ae       0x25 C:\fehqt\Proteus/EWL/lib/armv7e-m\libc.a(__filll_mem.o)
                                0x152 (size before relaxing)
 .debug_str     0x000048d3       0x1c C:\fehqt\Proteus/EWL/lib/armv7e-m\libc.a(memchr.o)
                                0x148 (size before relaxing)
 .debug_str     0x000048ef       0x1c C:\fehqt\Proteus/EWL/lib/armv7e-m\libc.a(strchr.o)
                                0x137 (size before relaxing)
 .debug_str     0x0000490b      0x126 C:\fehqt\Proteus/EWL/lib/armv7e-m\librt.a(gcc_ctor_dtor.o)
                                0x185 (size before relaxing)
 .debug_str     0x00004a31       0x9b C:\fehqt\Proteus/EWL/lib/armv7e-m\librt.a(ROMCopy.o)
                                0x140 (size before relaxing)
 .debug_str     0x00004acc       0xf3 C:\fehqt\Proteus/EWL/lib/armv7e-m\librt.a(__arm_eabi_init.o)
                                0x1ac (size before relaxing)

.comment        0x00000000       0x79
 .comment       0x00000000       0x79 ..\main.o
                                 0x7a (size before relaxing)
 .comment       0x00000000       0x7a Startup\__arm_start.o
 .comment       0x00000000       0x7a Startup\__arm_end.o
 .comment       0x00000000       0x7a Startup\kinetis_sysinit.o
 .comment       0x00000000       0x7a Drivers\i2c.o
 .comment       0x00000000       0x7a Drivers\spi.o
 .comment       0x00000000       0x7a Drivers\uart.o
 .comment       0x00000000       0x7a Drivers\ff.o
 .comment       0x00000000       0x7a Drivers\SDHC.o
 .comment       0x00000000       0x7a Drivers\lptmr.o
 .comment       0x00000000       0x7a FEHProteus.o
 .comment       0x00000000       0x7a Drivers\FEHPropeller.o
 .comment       0x00000000       0x7a Libraries\FEHUtility.o
 .comment       0x00000000       0x7a Libraries\FEHIO.o
 .comment       0x00000000       0x7a Drivers\adc16.o
 .comment       0x00000000       0x7a Libraries\FEHBuzzer.o
 .comment       0x00000000       0x7a Libraries\FEHLCD.o
 .comment       0x00000000       0x7a Libraries\FEHAccel.o
 .comment       0x00000000       0x7a Libraries\FEHBattery.o
 .comment       0x00000000       0x7a Drivers\FEHXBee.o
 .comment       0x00000000       0x7a Libraries\FEHRPS.o
 .comment       0x00000000       0x7a Libraries\FEHSD.o
 .comment       0x00000000       0x7a C:\fehqt\Proteus/EWL/lib/armv7e-m\libc.a(sprintf.o)
 .comment       0x00000000       0x7a C:\fehqt\Proteus/EWL/lib/armv7e-m\libc.a(vsnprintf.o)
 .comment       0x00000000       0x7a C:\fehqt\Proteus/EWL/lib/armv7e-m\libc.a(exit.o)
 .comment       0x00000000       0x7a C:\fehqt\Proteus/EWL/lib/armv7e-m\libc.a(rand.o)
 .comment       0x00000000       0x7a C:\fehqt\Proteus/EWL/lib/armv7e-m\libc.a(memcpy.o)
 .comment       0x00000000       0x7a C:\fehqt\Proteus/EWL/lib/armv7e-m\libc.a(memset.o)
 .comment       0x00000000       0x7a C:\fehqt\Proteus/EWL/lib/armv7e-m\libc.a(strcpy.o)
 .comment       0x00000000       0x7a C:\fehqt\Proteus/EWL/lib/armv7e-m\libc.a(strlen.o)
 .comment       0x00000000       0x7a C:\fehqt\Proteus/EWL/lib/armv7e-m\libc.a(printformat_.o)
 .comment       0x00000000       0x7a C:\fehqt\Proteus/EWL/lib/armv7e-m\libc.a(scanformat_.o)
 .comment       0x00000000       0x7a C:\fehqt\Proteus/EWL/lib/armv7e-m\libc.a(ctype_aeabi.o)
 .comment       0x00000000       0x7a C:\fehqt\Proteus/EWL/lib/armv7e-m\libc.a(__strtoul.o)
 .comment       0x00000000       0x7a C:\fehqt\Proteus/EWL/lib/armv7e-m\libc.a(__filll_mem.o)
 .comment       0x00000000       0x7a C:\fehqt\Proteus/EWL/lib/armv7e-m\libc.a(memchr.o)
 .comment       0x00000000       0x7a C:\fehqt\Proteus/EWL/lib/armv7e-m\libc.a(strchr.o)
 .comment       0x00000000       0x7a C:\fehqt\Proteus/EWL/lib/armv7e-m\librt.a(gcc_ctor_dtor.o)
 .comment       0x00000000       0x7a C:\fehqt\Proteus/EWL/lib/armv7e-m\librt.a(ROMCopy.o)
 .comment       0x00000000       0x7a C:\fehqt\Proteus/EWL/lib/armv7e-m\librt.a(__arm_eabi_init.o)

.debug_frame    0x00000000     0x2a18
 .debug_frame   0x00000000      0x1d0 ..\main.o
 .debug_frame   0x000001d0       0x98 Startup\__arm_start.o
 .debug_frame   0x00000268       0x2c Startup\__arm_end.o
 .debug_frame   0x00000294       0x5c Startup\kinetis_sysinit.o
 .debug_frame   0x000002f0       0x88 Drivers\i2c.o
 .debug_frame   0x00000378       0xf8 Drivers\spi.o
 .debug_frame   0x00000470       0x84 Drivers\uart.o
 .debug_frame   0x000004f4      0x5e8 Drivers\ff.o
 .debug_frame   0x00000adc      0x1e8 Drivers\SDHC.o
 .debug_frame   0x00000cc4       0x2c Drivers\lptmr.o
 .debug_frame   0x00000cf0       0x4c FEHProteus.o
 .debug_frame   0x00000d3c       0xa8 Drivers\FEHPropeller.o
 .debug_frame   0x00000de4       0xf8 Libraries\FEHUtility.o
 .debug_frame   0x00000edc      0x4e8 Libraries\FEHIO.o
 .debug_frame   0x000013c4       0x64 Drivers\adc16.o
 .debug_frame   0x00001428      0x1c8 Libraries\FEHBuzzer.o
 .debug_frame   0x000015f0      0x9c0 Libraries\FEHLCD.o
 .debug_frame   0x00001fb0       0xd8 Libraries\FEHAccel.o
 .debug_frame   0x00002088       0x8c Libraries\FEHBattery.o
 .debug_frame   0x00002114       0xfc Drivers\FEHXBee.o
 .debug_frame   0x00002210      0x22c Libraries\FEHRPS.o
 .debug_frame   0x0000243c       0xf0 Libraries\FEHSD.o
 .debug_frame   0x0000252c       0x34 C:\fehqt\Proteus/EWL/lib/armv7e-m\libc.a(sprintf.o)
 .debug_frame   0x00002560       0x4c C:\fehqt\Proteus/EWL/lib/armv7e-m\libc.a(vsnprintf.o)
 .debug_frame   0x000025ac       0x28 C:\fehqt\Proteus/EWL/lib/armv7e-m\libc.a(exit.o)
 .debug_frame   0x000025d4       0x30 C:\fehqt\Proteus/EWL/lib/armv7e-m\libc.a(rand.o)
 .debug_frame   0x00002604       0x28 C:\fehqt\Proteus/EWL/lib/armv7e-m\libc.a(memcpy.o)
 .debug_frame   0x0000262c       0x28 C:\fehqt\Proteus/EWL/lib/armv7e-m\libc.a(memset.o)
 .debug_frame   0x00002654       0x28 C:\fehqt\Proteus/EWL/lib/armv7e-m\libc.a(strcpy.o)
 .debug_frame   0x0000267c       0x20 C:\fehqt\Proteus/EWL/lib/armv7e-m\libc.a(strlen.o)
 .debug_frame   0x0000269c       0x64 C:\fehqt\Proteus/EWL/lib/armv7e-m\libc.a(printformat_.o)
 .debug_frame   0x00002700       0x3c C:\fehqt\Proteus/EWL/lib/armv7e-m\libc.a(scanformat_.o)
 .debug_frame   0x0000273c       0xf0 C:\fehqt\Proteus/EWL/lib/armv7e-m\libc.a(ctype_aeabi.o)
 .debug_frame   0x0000282c       0x3c C:\fehqt\Proteus/EWL/lib/armv7e-m\libc.a(__strtoul.o)
 .debug_frame   0x00002868       0x2c C:\fehqt\Proteus/EWL/lib/armv7e-m\libc.a(__filll_mem.o)
 .debug_frame   0x00002894       0x28 C:\fehqt\Proteus/EWL/lib/armv7e-m\libc.a(memchr.o)
 .debug_frame   0x000028bc       0x20 C:\fehqt\Proteus/EWL/lib/armv7e-m\libc.a(strchr.o)
 .debug_frame   0x000028dc       0x48 C:\fehqt\Proteus/EWL/lib/armv7e-m\librt.a(gcc_ctor_dtor.o)
 .debug_frame   0x00002924       0x48 C:\fehqt\Proteus/EWL/lib/armv7e-m\librt.a(ROMCopy.o)
 .debug_frame   0x0000296c       0xac C:\fehqt\Proteus/EWL/lib/armv7e-m\librt.a(__arm_eabi_init.o)
